LX51 CODE BANKING LINKER/LOCATOR V06.16.13.326                                 12/30/15  18:07:03
MS-DOS LX51 CODE BANKING LINKER/LOCATOR V06.16.13.326,  INVOKED BY:
C:\Raisonance\Ride\bin\lx51.exe Output\XROTOR_40A_REV14_3.OBJ TO(Output\XROTOR_40A_REV14_3.OMF) R&
S(256) PL(68) PW(78) OUTPUTSUMMARY LIBPATH(C:\Raisonance\Ride\lib\51) 


INPUT MODULES INCLUDED
  OUTPUT\XROTOR_40A_REV14_3.OBJ(BLHELI)


LINK MAP OF MODULE: OUTPUT\XROTOR_40A_REV14_3.OMF (XROTOR_40A_REV14_3)

    TYPE     BASE       LENGTH    RELOCATION     SEGMENT NAME
    ----     ----       ------    ----------     ------------

    * * * * * * *   DATA/IDATA    M E M O R Y   * * * * * * *
    REG      0000H      0008H     ABSOLUTE       "REG BANK 0"
             0008H      0018H                    *** GAP ***
    DATA     0020H      0010H     ABSOLUTE       
    

***WARNING 6: DATA SPACE MEMORY OVERLAP
   AT ADDRESS: 0020,(BLHELI,BLHELI)
    DATA     0020H      0009H     ABSOLUTE       
    DATA     0030H      004EH     ABSOLUTE       
             007EH      0002H                    *** GAP ***
    IDATA    0080H      0027H     ABSOLUTE       
             00A7H      0029H                    *** GAP ***
    IDATA    00D0H      0030H     ABSOLUTE       

    * * * * * * *   CODE          M E M O R Y   * * * * * * *
    CODE     0000H      0003H     ABSOLUTE       
             0003H      0008H                    *** GAP ***
    CODE     000BH      0003H     ABSOLUTE       
             000EH      001DH                    *** GAP ***
    CODE     002BH      0003H     ABSOLUTE       
             002EH      002DH                    *** GAP ***
    CODE     005BH      0003H     ABSOLUTE       
             005EH      0015H                    *** GAP ***
    CODE     0073H      0003H     ABSOLUTE       
             0076H      000AH                    *** GAP ***
    CODE     0080H      1844H     ABSOLUTE       
             18C4H      0139H                    *** GAP ***
    CODE     19FDH      0003H     ABSOLUTE       
    CODE     1A00H      0028H     ABSOLUTE       
             1A28H      0018H                    *** GAP ***
    CODE     1A40H      0010H     ABSOLUTE       
    CODE     1A50H      0010H     ABSOLUTE       
    CODE     1A60H      0010H     ABSOLUTE       
             1A70H      0190H                    *** GAP ***
    CODE     1C00H      01E4H     ABSOLUTE       

EXECUTABLE SUMMARY:
-------------------
    Total INTERNAL RAM storage requirement:  00BDH (189)
    Total EXTERNAL RAM storage requirement:  0000H (0)
    Total     CODE     storage requirement:  1A92H (6802)
Note:  Summary does not include dynamic stack requirements


REFERENCE MAP OF MODULE: OUTPUT\XROTOR_40A_REV14_3.OMF (XROTOR_40A_REV14_3)

SEGMENT                           BI_GROUP            DT_GROUP             ID_GROUP             XD_GROUP
  +--> CALLED SEGMENT          START    LENGTH     START    LENGTH     START    LENGTH     START    LENGTH
--------------------------------------------------------------------------------------

SYMBOL TABLE FOR OUTPUT\XROTOR_40A_REV14_3.OMF(BLHELI)
-------------------------------------------------------

    VALUE              TYPE               NAME
LX51 CODE BANKING LINKER/LOCATOR V06.16.13.326             12/30/15  18:07:03

    -----              ----               ----

	-------            MODULE             BLHELI
	C:1CC5H            SYMBOL             SET4
	C:1C52H            SYMBOL             ID3
	D:0028H            SYMBOL             BYTE_CNTH
	D:0023H            SYMBOL             CRCH
	C:15EAH            SYMBOL             NORMAL_RUN_CHECK_STARTUP_ROT
	C:107AH            SYMBOL             DECODE_DEMAG_HIGH
	C:0F41H            SYMBOL             COMM61_DAMP_REV
	C:0C89H            SYMBOL             COMP_WAIT_ON_COMP_ABLE
	C:0C40H            SYMBOL             WAIT_BEFORE_ZC_SCAN_EXIT
	C:091EH            SYMBOL             CHECK_TEMP_VOLTAGE_AND_LIMIT_POWER
	C:0884H            SYMBOL             GOVERNOR_LIMIT_INT_CORR_POS
	C:084CH            SYMBOL             GOVERNOR_CORR_NEG_PROP
	C:04F7H            SYMBOL             PCA_INT_PPM_BELOW_FULL_RANGE
	C:02DBH            SYMBOL             T2_INT_CURRENT_PWM_NO_DITHER
	C:1A10H            SYMBOL             _EEP_MAIN_REARM_START
	D:0079H            SYMBOL             TIMER0_OVERFLOW_VALUE
	D:0072H            SYMBOL             PPM_THROTTLE_GAIN
	D:006FH            SYMBOL             LIPO_ADC_LIMIT_H
	D:005EH            SYMBOL             CURR_RCP_PWM_FREQ
	D:0058H            SYMBOL             RCP_EDGE_H
	D:002FH            SYMBOL             FLAGS3
	D:0027H            SYMBOL             RCP_PREV_EDGE_L
	B:00EDH            SYMBOL             AD0INT
	B:00C1H            SYMBOL             ACK1
	D:0099H            SYMBOL             SBUF0
	D:0080H            SYMBOL             P0
	D:0082H            SYMBOL             DPL
	D:00C6H            SYMBOL             ADC0LTH
	D:00BEH            SYMBOL             ADC0H
	C:1CCBH            SYMBOL             SET5
	C:1C5DH            SYMBOL             ID4
	C:1826H            SYMBOL             FUNCTION_BEEP
	C:140AH            SYMBOL             INIT_START
	C:12B9H            SYMBOL             PROGRAM_BY_TX_ENTRY_PWM
	C:10ACH            SYMBOL             FIND_THROTTLE_GAIN_CALCULATE
	C:0EC5H            SYMBOL             COMM45_NONDAMP
	C:0E7FH            SYMBOL             COMM4COMM5
	C:0A84H            SYMBOL             CALC_NEW_WAIT_TIMES_SETUP
	C:0910H            SYMBOL             SET_PWM_LIMIT_HIGH_RPM_INC_LIMIT
	C:08D5H            SYMBOL             SET_PWM_DEMAG_DONE
	C:0474H            SYMBOL             PCA_INT_RESTORE_EDGE_SET_MSB
	C:0327H            SYMBOL             T2H_INT_RCP_STOP
	C:013FH            SYMBOL             T0_INT_PWM_OFF_DAMP_DONE
	C:1A19H            SYMBOL             EEP_PGM_PPM_MIN_THROTTLE
	D:006DH            SYMBOL             MAIN_SPOOLUP_TIME_15X
	D:0068H            SYMBOL             RANDOM
	D:0065H            SYMBOL             PWM_MOTOR_IDLE
	D:005DH            SYMBOL             PREV_RCP_PWM_FREQ
	D:0053H            SYMBOL             NEXT_WT_START_L
	D:003EH            SYMBOL             COMM_PERIOD4X_H
	B:00C6H            SYMBOL             TXMODE0
	B:00AEH            SYMBOL             ESPI0
	D:00D3H            SYMBOL             SFRSTACK
	D:00EFH            SYMBOL             RSTSRC
	D:0090H            SYMBOL             P1
	D:0084H            SYMBOL             IPH
	D:009EH            SYMBOL             CRC0DAT
	D:00DDH            SYMBOL             CRC0AUTO
	D:00BCH            SYMBOL             ADC0CF
	C:1CD3H            SYMBOL             SET6
	C:1C6AH            SYMBOL             ID5
	C:1834H            SYMBOL             PARAVAL_BEEP
	C:17ADH            SYMBOL             STORE_MULTI_FUNC_10
	C:0EA5H            SYMBOL             COMM45_DAMP_REV
	C:0E3BH            SYMBOL             COMM23_NFET_DONE
LX51 CODE BANKING LINKER/LOCATOR V06.16.13.326             12/30/15  18:07:03

	C:07DAH            SYMBOL             GOVERNOR_CHECK_PWM
	C:0735H            SYMBOL             GOVERNOR_ACTIVATE
	C:0187H            SYMBOL             PWM_AFET_DAMPED_DONE
	C:1A0FH            SYMBOL             EEP_ENABLE_TX_PROGRAM
	D:0036H            SYMBOL             DEMAG_DETECTED_METRIC
	B:00CCH            SYMBOL             TF2CEN
	B:00C6H            SYMBOL             TXMODE1
	B:00C3H            SYMBOL             ACKRQ0
	D:00A0H            SYMBOL             P2
	D:00FDH            SYMBOL             P0MAT
	D:00E3H            SYMBOL             OSCLCN
	D:00F0H            SYMBOL             B
	C:1D7FH            SYMBOL             GETC
	D:0026H            SYMBOL             BIT_CNT
	C:17B2H            SYMBOL             STORE_MULTI_FUNC_11
	C:174BH            SYMBOL             WRITE_EEPROM_SIGNATURE
	C:139AH            SYMBOL             WAIT_FOR_POWER_ON
	C:131CH            SYMBOL             THROTTLE_LOW_CAL_START
	C:16D9H            SYMBOL             ERASE_AND_STORE_ALL_IN_EEPROM
	C:12A2H            SYMBOL             ARMING_INITIAL_ARM_CHECK
	C:1368H            SYMBOL             PROGRAM_BY_TX_CHECKED
	C:10A5H            SYMBOL             FIND_THROTTLE_GAIN_CHECK_FULL
	C:0FA5H            SYMBOL             SET_DEFAULT_PARAMETERS
	C:0F0AH            SYMBOL             COMM56_REV
	C:0EF6H            SYMBOL             COMM5COMM6
	C:0E1FH            SYMBOL             COMM23_NFET_OFF_REV
	C:0D21H            SYMBOL             COMP_READ_OK
	C:0B24H            SYMBOL             CALC_NEW_WAIT_TIMES_FAST_DONE
	C:09DDH            SYMBOL             CALC_NEXT_COMM_TIMING
	C:076BH            SYMBOL             CALC_GOVERNOR_TARGET_EXIT
	C:0499H            SYMBOL             PCA_INT_STORE_DATA
	C:026CH            SYMBOL             T2_INT_RCP_GAIN_POS
	C:022EH            SYMBOL             T2_INT_RCP_UPDATE_START
	C:0198H            SYMBOL             PWM_BFET_DAMPED_DONE
	C:19FDH            SYMBOL             RESET
	C:1A1AH            SYMBOL             EEP_PGM_PPM_MAX_THROTTLE
	I:00A4H            SYMBOL             PGM_GOV_P_GAIN_DECODED
	I:00A0H            SYMBOL             PGM_ENABLE_TEMP_PROT
	I:009BH            SYMBOL             _PGM_THROTTLE_RATE
	I:008FH            SYMBOL             _PGM_STARTUP_RPM
	D:0062H            SYMBOL             PWM_LIMIT_SPOOLUP
	D:0056H            SYMBOL             RCP_PREPREV_EDGE_H
	D:004DH            SYMBOL             WT_ZC_SCAN_START_L
	B:00C3H            SYMBOL             ACKRQ1
	D:0081H            SYMBOL             SP
	D:00C0H            SYMBOL             SMB0CN
	D:0098H            SYMBOL             SCON0
	D:00EDH            SYMBOL             P1MAT
	C:1D01H            SYMBOL             PRO3
	C:1DD6H            SYMBOL             BOOT_SIGN
	D:0027H            SYMBOL             BYTE_CNTL
	D:0025H            SYMBOL             BAUDH
	D:0022H            SYMBOL             CRCL
	C:18A5H            SYMBOL             FUNCTION_NEXT
	C:12E6H            SYMBOL             THROTTLE_HIGH_CAL
	C:0F72H            SYMBOL             COMM61_NFET_DONE
	C:0BEFH            SYMBOL             STORE_TIMES_INCREASE_FAST
	C:09CBH            SYMBOL             STARTUP_PWM_SET_PWM
	C:01A9H            SYMBOL             PWM_CFET_DAMPED_DONE
	I:0088H            SYMBOL             PGM_DIRECTION
	I:0087H            SYMBOL             PGM_PWM_FREQ
	D:006EH            SYMBOL             LIPO_ADC_LIMIT_L
	D:0057H            SYMBOL             RCP_EDGE_L
	D:003FH            SYMBOL             COMM_DIFF
	D:0035H            SYMBOL             STALL_CNT
	B:00D6H            SYMBOL             AC
	D:00C0H            SYMBOL             SMB1CN
	D:00E7H            SYMBOL             SMB0ADM
LX51 CODE BANKING LINKER/LOCATOR V06.16.13.326             12/30/15  18:07:03

	D:00E6H            SYMBOL             EIE1
	D:00BAH            SYMBOL             AMX0N
	D:00C5H            SYMBOL             ADC0LTL
	D:00BDH            SYMBOL             ADC0L
	C:1D0DH            SYMBOL             PRO4
	C:1C7CH            SYMBOL             MAIN
	C:188FH            SYMBOL             PARAVAL_NEXT
	C:171FH            SYMBOL             WRITE_EEPROM_BYTE
	C:1255H            SYMBOL             TEST_FOR_ONESHOT
	C:1202H            SYMBOL             MEASURE_PWM_FREQ_INIT
	C:0F57H            SYMBOL             COMM61_NFET_OFF_REV
	C:0F8DH            SYMBOL             COMM_EXIT
	C:085DH            SYMBOL             CALC_GOVERNOR_INT_CORRECTION
	C:0512H            SYMBOL             PCA_INT_PPM_CHECK_FULL_RANGE
	C:04E9H            SYMBOL             PCA_INT_FALL_CHECK_RANGE
	C:05A6H            SYMBOL             PCA_INT_PWM_DIVIDE
	C:05C9H            SYMBOL             PCA_INT_LIMITED
	C:030BH            SYMBOL             T2H_INT_START
	C:0273H            SYMBOL             T2_INT_PWM_UPDATE
	C:012DH            SYMBOL             T0_INT_PWM_OFF_DAMPED
	C:1A27H            SYMBOL             EEP_DUMMY
	C:1A25H            SYMBOL             EEP_PGM_ENABLE_PWM_INPUT
	C:1A13H            SYMBOL             _EEP_PGM_STARTUP_ACCEL
	C:1A02H            SYMBOL             EEP_LAYOUT_REVISION
	I:009EH            SYMBOL             PGM_PPM_CENTER_THROTTLE
	I:008EH            SYMBOL             PGM_GOV_SETUP_TARGET
	D:007AH            SYMBOL             CLOCK_SET_AT_48MHZ
	D:003DH            SYMBOL             COMM_PERIOD4X_L
	D:0022H            SYMBOL             REQUESTED_PWM
	B:00D2H            SYMBOL             OV
	B:009DH            SYMBOL             MCE0
	D:00E7H            SYMBOL             SMB1ADM
	D:00CEH            SYMBOL             PCA0CLR
	D:00AFH            SYMBOL             EIE2
	C:1DCFH            SYMBOL             WAIT1
	C:1D13H            SYMBOL             PRO5
	C:1855H            SYMBOL             FUNC_PARAVAL_WAIT
	C:1774H            SYMBOL             WRITE_TAG
	C:16B0H            SYMBOL             READ_EEPROM_STORE_DEFAULTS
	C:1608H            SYMBOL             RUN6_CHECK_DIR
	C:14D4H            SYMBOL             RUN1
	C:1403H            SYMBOL             WAIT_FOR_POWER_ON_CHECK_TIMEOUT
	C:1213H            SYMBOL             MEASURE_PWM_FREQ_WAIT
	C:1162H            SYMBOL             CLEAR_RAM
	C:1091H            SYMBOL             SET_BEC_VOLTAGE
	C:1083H            SYMBOL             DECODE_DEMAG_DONE
	C:0ED7H            SYMBOL             COMM45_NFET_DONE
	C:0D74H            SYMBOL             WAIT_FOR_COMM
	C:0BE2H            SYMBOL             ADJUST_TIMING_TWO_STEPS_FAST
	C:07A0H            SYMBOL             CALC_GOVERNOR_PROP_ERROR_EXIT
	C:0689H            SYMBOL             DIV_U16_BY_U16_DIV1
	C:061BH            SYMBOL             WAIT100MS
	C:0607H            SYMBOL             WAIT1MS
	C:010DH            SYMBOL             T0_INT_PWM_OFF_TIMER_SET
	C:010BH            SYMBOL             T0_INT_PWM_OFF_SET_TIMER
	C:008DH            SYMBOL             STARTUP_POWER_TABLE
	C:1A1BH            SYMBOL             EEP_PGM_BEEP_STRENGTH
	D:0077H            SYMBOL             SKIP_T2_INT
	D:0076H            SYMBOL             TX_PGM_BEEP_NO
	D:006AH            SYMBOL             SPOOLUP_LIMIT_SKIP
	D:0050H            SYMBOL             WT_ZC_TOUT_START_H
	B:00FDH            SYMBOL             MODF
	B:00C4H            SYMBOL             STO0
	B:00AFH            SYMBOL             EA
	D:008FH            SYMBOL             PSCTL
	D:0097H            SYMBOL             IDA0H
	D:00BBH            SYMBOL             AMX0P
	C:1D2AH            SYMBOL             RD1
LX51 CODE BANKING LINKER/LOCATOR V06.16.13.326             12/30/15  18:07:03

	C:1D20H            SYMBOL             PRO6
	C:1C2BH            SYMBOL             ABD
	C:1820H            SYMBOL             FUNCTION_PARAVAL_BEEP
	C:177CH            SYMBOL             STORE_NEW_VALUE_IN_RAM
	C:14F2H            SYMBOL             RUN2
	C:12ACH            SYMBOL             ARMING_PPM_CHECK
	C:0EBBH            SYMBOL             COMM45_NFET_OFF_REV
	C:0E01H            SYMBOL             COMM23_FETS_DONE
	C:0D01H            SYMBOL             COMP_READ_WRONG_TIMEOUT_SET
	C:0BFDH            SYMBOL             WAIT_BEFORE_ZC_SCAN
	C:0BC8H            SYMBOL             STORE_TIMES_EXIT
	C:09ADH            SYMBOL             CHECK_VOLTAGE_PWM_DONE
	C:08A3H            SYMBOL             GOVERNOR_CORR_INT_MIN_PWM
	C:079CH            SYMBOL             GOVERNOR_STORE_PROP_ERROR
	C:0693H            SYMBOL             DIV_U16_BY_U16_DIV2
	C:0620H            SYMBOL             WAIT200MS
	C:0263H            SYMBOL             T2_INT_RCP_GAIN_CORR
	C:028AH            SYMBOL             T2_INT_CURRENT_PWM_UPDATE
	C:01D9H            SYMBOL             T2_INT_PULSES_ABSENT
	C:1A09H            SYMBOL             EEP_PGM_STARTUP_PWR
	I:009FH            SYMBOL             PGM_MAIN_SPOOLUP_TIME
	I:0083H            SYMBOL             PGM_LOW_VOLTAGE_LIM
	D:0055H            SYMBOL             RCP_PREPREV_EDGE_L
	B:00C4H            SYMBOL             STO1
	B:00C2H            SYMBOL             ARBLOST0
	D:00E4H            SYMBOL             IT01CF
	D:0097H            SYMBOL             IDA1H
	D:00ABH            SYMBOL             DERIVID
	D:00E0H            SYMBOL             ACC
	C:1C7EH            SYMBOL             MAI1
	C:1C74H            SYMBOL             IN1
	D:0024H            SYMBOL             BAUDL
	C:151FH            SYMBOL             RUN3
	C:088BH            SYMBOL             GOVERNOR_LIMIT_INT_CORR_NEG
	C:07C2H            SYMBOL             GOVERNOR_CHECK_INT_LIMIT_POS
	C:06AAH            SYMBOL             DIV_U16_BY_U16_DIV3
	C:060CH            SYMBOL             WAIT3MS
	C:020EH            SYMBOL             T2_INT_PULSES_ABSENT_NO_MAX
	C:00EDH            SYMBOL             T0_INT_PWM_ON_TIMER_SET
	C:00EBH            SYMBOL             T0_INT_PWM_ON_SET_TIMER
	C:1A1FH            SYMBOL             EEP_PGM_DEMAG_COMP
	C:1A00H            SYMBOL             EEP_FW_MAIN_REVISION
	I:0096H            SYMBOL             PGM_PPM_MIN_THROTTLE
	I:008BH            SYMBOL             INITIALIZED_H_DUMMY
	D:0045H            SYMBOL             GOV_INTEGRAL_H
	D:0032H            SYMBOL             POWER_ON_WAIT_CNT_H
	B:00EFH            SYMBOL             AD0EN
	B:00C2H            SYMBOL             ARBLOST1
	B:00ACH            SYMBOL             ES0
	B:009FH            SYMBOL             S0MODE
	D:00FFH            SYMBOL             VDM0CN
	D:00D2H            SYMBOL             TS0CN
	D:00A7H            SYMBOL             SFRPAGE
	D:00F1H            SYMBOL             P0MDIN
	D:009DH            SYMBOL             CPT0MD
	D:009BH            SYMBOL             CPT0CN
	C:1D40H            SYMBOL             PUTP
	C:1CBFH            SYMBOL             SETBUF
	C:1CA0H            SYMBOL             MAI2
	C:184EH            SYMBOL             BEEP_NO_ENTRY
	C:1695H            SYMBOL             JMP_WAIT_FOR_POWER_ON
	C:15CEH            SYMBOL             DIRECT_START_CHECK_RCP
	C:1540H            SYMBOL             RUN4
	C:0F39H            SYMBOL             COMM61_FETS_DONE
	C:0E43H            SYMBOL             COMM23_NONDAMP_REV
	C:0D33H            SYMBOL             COMP_READ_OK_JMP
	C:0B86H            SYMBOL             STORE_TIMES_UP_OR_DOWN
	C:0B99H            SYMBOL             STORE_TIMES_DECREASE
LX51 CODE BANKING LINKER/LOCATOR V06.16.13.326             12/30/15  18:07:03

	C:0A69H            SYMBOL             CALC_NEXT_COMM_NEW_PERIOD_DIV
	C:0958H            SYMBOL             TEMP_AVERAGE_INC
	C:08B4H            SYMBOL             GOVERNOR_CORR_INT_MAX_PWM
	C:06B9H            SYMBOL             MULT_S16_BY_U8_DIV_16
	C:0566H            SYMBOL             PCA_INT_PPM_NEG_CHECKED
	C:02F1H            SYMBOL             T2_INT_EXIT
	C:1A16H            SYMBOL             _EEP_PGM_DAMPING_FORCE
	C:1A08H            SYMBOL             _EEP_PGM_MOTOR_IDLE
	D:0067H            SYMBOL             PWM_DITHER_EXCESS_POWER
	D:0030H            SYMBOL             INITIAL_ARM
	B:00DFH            SYMBOL             CF
	B:00A9H            SYMBOL             ET0
	D:00D7H            SYMBOL             SMB0ADR
	D:00F2H            SYMBOL             P1MDIN
	D:00A4H            SYMBOL             P0MDOUT
	D:00E8H            SYMBOL             ADC0CN
	C:1D46H            SYMBOL             PUT1
	C:175AH            SYMBOL             READ_TAGS
	C:1561H            SYMBOL             RUN5
	C:0ADBH            SYMBOL             CALC_NEW_WAIT_TIMES_EXIT
	C:0900H            SYMBOL             SET_PWM_LIMIT_HIGH_RPM
	C:08A8H            SYMBOL             GOVERNOR_CORR_NEG_INT
	C:0791H            SYMBOL             GOVERNOR_LIMIT_PROP_ERROR_POS
	C:0718H            SYMBOL             GOVERNOR_TARGET_CALC
	C:0710H            SYMBOL             CALC_GOVERNOR_TARGET
	C:05ADH            SYMBOL             PCA_INT_PWM_DIVIDE_DONE
	C:0418H            SYMBOL             PCA_INT_CHECK_12KHZ
	I:0097H            SYMBOL             PGM_PPM_MAX_THROTTLE
	D:007CH            SYMBOL             CURRENT_PWM_LIMITED_REMAPPED
	D:0073H            SYMBOL             BEEP_STRENGTH
	D:005AH            SYMBOL             RCP_PREV_PERIOD_H
	D:0052H            SYMBOL             WT_COMM_START_H
	D:004FH            SYMBOL             WT_ZC_TOUT_START_L
	B:00ABH            SYMBOL             ET1
	B:008DH            SYMBOL             TF0
	D:00D7H            SYMBOL             SMB1ADR
	D:00F3H            SYMBOL             P2MDIN
	D:00A5H            SYMBOL             P1MDOUT
	D:0096H            SYMBOL             IDA0L
	C:1D59H            SYMBOL             PUT2
	C:1CD6H            SYMBOL             MAI4
	C:161BH            SYMBOL             RUN6_CHECK_DIR_CHANGE
	C:1582H            SYMBOL             RUN6
	C:128CH            SYMBOL             ARMING_START
	C:1208H            SYMBOL             MEASURE_PWM_FREQ_LOOP
	C:0F79H            SYMBOL             COMM61_NONDAMP_REV
	C:0E9DH            SYMBOL             COMM45_FETS_DONE
	C:0C05H            SYMBOL             WAIT_BEFORE_ZC_SCAN_RAND
	C:0722H            SYMBOL             GOVERNOR_DEACTIVATE
	C:05BEH            SYMBOL             PCA_INT_CHECK_LEGAL_RANGE
	C:04CAH            SYMBOL             PCA_INT_FALL_NOT_ONESHOT
	C:1A07H            SYMBOL             EEP_PGM_MOTOR_GAIN
	I:008DH            SYMBOL             PGM_MAIN_REARM_START
	D:003CH            SYMBOL             PREV_PREV_COMM_H
	B:00CDH            SYMBOL             TF2LEN
	B:00ADH            SYMBOL             ET2
	B:0098H            SYMBOL             RI0
	B:008FH            SYMBOL             TF1
	D:00CBH            SYMBOL             TMR2RLH
	D:00C2H            SYMBOL             SMB0DAT
	D:00A6H            SYMBOL             P2MDOUT
	D:0096H            SYMBOL             IDA1L
	C:1D65H            SYMBOL             PUT3
	C:1D25H            SYMBOL             MAI5
	C:1C42H            SYMBOL             WAIT_FOR_LOW
	C:1372H            SYMBOL             ARM_TARGET_UPDATED
	C:0D38H            SYMBOL             EVALUATE_COMPARATOR_INTEGRITY
	C:0CC8H            SYMBOL             COMP_WAIT_READ_COMP
LX51 CODE BANKING LINKER/LOCATOR V06.16.13.326             12/30/15  18:07:03

	C:0982H            SYMBOL             TEMP_CHECK_EXIT
	C:0833H            SYMBOL             GOVERNOR_APPLY_PROP_CORR
	C:0164H            SYMBOL             PWM_AFET_EXIT
	C:1A05H            SYMBOL             EEP_PGM_GOV_MODE
	I:00A2H            SYMBOL             PGM_ENABLE_PWM_INPUT
	I:0090H            SYMBOL             _PGM_STARTUP_ACCEL
	I:008CH            SYMBOL             PGM_ENABLE_TX_PROGRAM
	I:008AH            SYMBOL             INITIALIZED_L_DUMMY
	D:007DH            SYMBOL             CURRENT_PWM_LIM_DITH_REMAPPED
	D:0044H            SYMBOL             GOV_INTEGRAL_L
	D:0031H            SYMBOL             POWER_ON_WAIT_CNT_L
	D:0023H            SYMBOL             GOVERNOR_REQ_PWM
	B:00C0H            SYMBOL             SI0
	B:00BEH            SYMBOL             PSPI0
	D:0093H            SYMBOL             TMR3RLH
	D:008CH            SYMBOL             TH0
	D:00A1H            SYMBOL             SPI0CFG
	D:00C2H            SYMBOL             SMB1DAT
	D:00FAH            SYMBOL             PCA0H
	D:00FEH            SYMBOL             P0MASK
	C:1D77H            SYMBOL             PUT4
	C:1D36H            SYMBOL             MAI6
	C:16FCH            SYMBOL             WRITE_EEPROM_BLOCK1
	C:15DBH            SYMBOL             NORMAL_RUN_CHECKS
	C:118CH            SYMBOL             INIT_NO_SIGNAL
	C:0EDFH            SYMBOL             COMM45_NONDAMP_REV
	C:0C60H            SYMBOL             WAIT_FOR_COMP_OUT_START
	C:0B29H            SYMBOL             WAIT_ADVANCE_TIMING
	C:0A93H            SYMBOL             CALC_NEW_WAIT_PER_STARTUP_DONE
	C:076CH            SYMBOL             CALC_GOVERNOR_PROP_ERROR
	C:0560H            SYMBOL             PCA_INT_PPM_UNIDIR_NEG
	C:021AH            SYMBOL             T2_INT_PPM_TIMEOUT_SET
	C:016EH            SYMBOL             PWM_BFET_EXIT
	C:011AH            SYMBOL             T0_INT_PWM_OFF_EXIT_NFETS_OFF
	C:1A01H            SYMBOL             EEP_FW_SUB_REVISION
	I:0098H            SYMBOL             PGM_BEEP_STRENGTH
	B:00C0H            SYMBOL             SI1
	B:00A8H            SYMBOL             EX0
	B:0099H            SYMBOL             TI0
	B:0088H            SYMBOL             IT0
	D:0093H            SYMBOL             TMR4RLH
	D:00CDH            SYMBOL             TMR2H
	D:008DH            SYMBOL             TH1
	D:00F8H            SYMBOL             SPI0CN
	D:00EEH            SYMBOL             P1MASK
	D:00DEH            SYMBOL             CRC0CNT
	C:170AH            SYMBOL             WRITE_EEPROM_BLOCK2
	C:1359H            SYMBOL             PROGRAM_BY_TX_ENTRY_WAIT_PPM
	C:1697H            SYMBOL             READ_ALL_EEPROM_PARAMETERS
	C:0E52H            SYMBOL             COMM23_NFET_DONE_REV
	C:0A72H            SYMBOL             CALC_NEXT_COMM_NEW_PERIOD_DIV_DONE
	C:09A1H            SYMBOL             CHECK_VOLTAGE_LOW_RPM
	C:0178H            SYMBOL             PWM_CFET_EXIT
	C:00B5H            SYMBOL             T0_INT
	C:1A18H            SYMBOL             _EEP_PGM_STARTUP_METHOD
	C:1A14H            SYMBOL             _EEP_PGM_VOLT_COMP
	C:1A04H            SYMBOL             EEP_PGM_GOV_I_GAIN
	I:0086H            SYMBOL             PGM_STARTUP_PWR
	D:0078H            SYMBOL             SKIP_T2H_INT
	D:006BH            SYMBOL             MAIN_SPOOLUP_TIME_3X
	D:005FH            SYMBOL             RCP_STOP_CNT
	D:005CH            SYMBOL             NEW_RCP
	D:0059H            SYMBOL             RCP_PREV_PERIOD_L
	D:0051H            SYMBOL             WT_COMM_START_L
	B:00CDH            SYMBOL             TF5LEN
	B:00AAH            SYMBOL             EX1
	B:008AH            SYMBOL             IT1
	D:00CBH            SYMBOL             TMR5RLH
LX51 CODE BANKING LINKER/LOCATOR V06.16.13.326             12/30/15  18:07:03

	D:0095H            SYMBOL             TMR3H
	D:00B1H            SYMBOL             OSCXCN
	D:00A8H            SYMBOL             IE
	D:008EH            SYMBOL             CKCON
	C:14A3H            SYMBOL             INIT_START_BIDIR_DONE
	C:0D56H            SYMBOL             EVAL_COMP_EXIT
	C:05E1H            SYMBOL             PCA_INT_SET_TIMEOUT
	C:015AH            SYMBOL             PWM_NOFET
	C:00D9H            SYMBOL             T0_INT_PWM_ON_EXECUTE
	C:1A26H            SYMBOL             EEP_PGM_PWM_DITHER
	C:1A15H            SYMBOL             EEP_PGM_COMM_TIMING
	I:009CH            SYMBOL             PGM_DEMAG_COMP
	D:003BH            SYMBOL             PREV_PREV_COMM_L
	D:003AH            SYMBOL             PREV_COMM_H
	D:002AH            SYMBOL             RCP_TIMEOUT_CNT
	B:00F9H            SYMBOL             TXBMT
	B:00FCH            SYMBOL             RXOVRN
	D:0095H            SYMBOL             TMR4H
	D:00CAH            SYMBOL             TMR2RLL
	D:00ACH            SYMBOL             REVISION
	D:00FCH            SYMBOL             PCA0CPH0
	D:00B9H            SYMBOL             IDA0CN
	D:00F6H            SYMBOL             EIP1
	C:1D38H            SYMBOL             PUTW
	C:119CH            SYMBOL             BOOTLOADER_DONE
	C:10C9H            SYMBOL             AVERAGE_THROTTLE
	C:1029H            SYMBOL             DECODE_PARAMS_DIR_SET
	C:0F88H            SYMBOL             COMM61_NFET_DONE_REV
	C:0D57H            SYMBOL             SETUP_COMM_WAIT
	C:0ADCH            SYMBOL             CALC_NEXT_COMM_TIMING_FAST
	C:07FEH            SYMBOL             CALC_GOVERNOR_INT_ERROR_EXIT
	C:01ADH            SYMBOL             T2_INT
	I:0093H            SYMBOL             _PGM_DAMPING_FORCE
	D:0060H            SYMBOL             AUTO_BAILOUT_ARMED
	D:0020H            SYMBOL             BIT_ACCESS
	B:00D0H            SYMBOL             P
	D:00CDH            SYMBOL             TMR5H
	D:0092H            SYMBOL             TMR3RLL
	D:008AH            SYMBOL             TL0
	D:0087H            SYMBOL             PCON
	D:00F9H            SYMBOL             PCA0L
	D:00EAH            SYMBOL             PCA0CPH1
	D:00B9H            SYMBOL             IDA1CN
	D:00BFH            SYMBOL             EIP2
	C:1D84H            SYMBOL             GET1
	D:0021H            SYMBOL             BYTE_REG
	C:1387H            SYMBOL             ARM_END_BEEP
	C:12E4H            SYMBOL             THROTTLE_HIGH_CAL_START
	C:10F4H            SYMBOL             PGM_START
	C:0C41H            SYMBOL             WAIT_FOR_COMP_OUT_LOW
	C:0B3AH            SYMBOL             CALC_NEW_WAIT_TIMES
	C:0AD7H            SYMBOL             LOAD_MIN_TIME
	C:09B6H            SYMBOL             SET_STARTUP_PWM
	C:07F8H            SYMBOL             GOVERNOR_STORE_INT_ERROR
	C:075EH            SYMBOL             GOVERNOR_ACTIVATE_50K
	C:0338H            SYMBOL             T2H_INT_EXIT
	C:0080H            SYMBOL             GOV_GAIN_TABLE
	C:0342H            SYMBOL             T3_INT
	I:0085H            SYMBOL             PGM_MOTOR_IDLE
	D:0075H            SYMBOL             TX_PGM_PARAVAL_NO
	D:0070H            SYMBOL             ADC_CONVERSION_CNT
	D:004AH            SYMBOL             GOV_ARM_TARGET
	D:0029H            SYMBOL             RCP_OUTSIDE_RANGE_CNT
	C:1A40H            SYMBOL             EEP_ESC_LAYOUT
	D:0092H            SYMBOL             TMR4RLL
	D:00CCH            SYMBOL             TMR2L
	D:008BH            SYMBOL             TL1
	D:00ABH            SYMBOL             SN0
LX51 CODE BANKING LINKER/LOCATOR V06.16.13.326             12/30/15  18:07:03

	D:00ECH            SYMBOL             PCA0CPH2
	C:1D99H            SYMBOL             GET2
	C:1851H            SYMBOL             FUNC_PARAVAL
	C:17BCH            SYMBOL             WAIT1S_LOOP
	C:1780H            SYMBOL             STORE_MULTI_FUNC_1
	C:1616H            SYMBOL             RUN6_CHECK_DIR_REV
	C:10E5H            SYMBOL             AVERAGE_THROTTLE_DIV
	C:085CH            SYMBOL             CALC_GOVERNOR_PROP_CORR_EXIT
	C:07F3H            SYMBOL             GOVERNOR_INT_MIN_PWM
	C:0798H            SYMBOL             GOVERNOR_LIMIT_PROP_ERROR_NEG
	C:0630H            SYMBOL             BEEP_F1
	C:0500H            SYMBOL             PCA_INT_PPM_OUTSIDE_RANGE
	C:1A1DH            SYMBOL             EEP_PGM_BEACON_DELAY
	C:1A1CH            SYMBOL             EEP_PGM_BEACON_STRENGTH
	I:00D0H            SYMBOL             TAG_TEMPORARY_STORAGE
	I:0084H            SYMBOL             PGM_MOTOR_GAIN
	D:0071H            SYMBOL             CURRENT_AVERAGE_TEMP
	D:0064H            SYMBOL             PWM_SPOOLUP_BEG
	D:0061H            SYMBOL             PWM_LIMIT
	B:00FFH            SYMBOL             SPIF
	B:00CBH            SYMBOL             T2SPLIT
	D:00CAH            SYMBOL             TMR5RLL
	D:0094H            SYMBOL             TMR3L
	D:00ACH            SYMBOL             SN1
	C:1DBDH            SYMBOL             GET3
	C:1785H            SYMBOL             STORE_MULTI_FUNC_2
	C:15F9H            SYMBOL             INITIAL_RUN_PHASE_DONE
	C:10BAH            SYMBOL             TEST_THROTTLE_GAIN
	C:0E21H            SYMBOL             COMM23_FETS_DONE_REV
	C:0A3AH            SYMBOL             CALC_NEXT_COMM_STARTUP_DONE
	C:085AH            SYMBOL             GOVERNOR_STORE_PROP_CORR
	C:081EH            SYMBOL             GOVERNOR_CHECK_PROP_CORR_LIMIT_POS
	C:06D3H            SYMBOL             MULT_S16_BY_U8_POSITIVE
	C:0681H            SYMBOL             DIV_U16_BY_U16
	C:064EH            SYMBOL             BEEP_ONOFF
	C:0637H            SYMBOL             BEEP_F2
	C:0547H            SYMBOL             PCA_INT_PPM_BIDIR_FWD
	C:048CH            SYMBOL             PCA_INT_CHECK_DIFF
	C:021EH            SYMBOL             T2_INT_SKIP_START
	C:015CH            SYMBOL             PWM_AFET
	C:014CH            SYMBOL             T0_INT_PWM_OFF_FULLPOWER_EXIT
	C:1A24H            SYMBOL             EEP_PGM_ENABLE_POWER_PROT
	C:1A17H            SYMBOL             _EEP_PGM_GOV_RANGE
	I:0082H            SYMBOL             PGM_GOV_MODE
	D:0039H            SYMBOL             PREV_COMM_L
	B:00BCH            SYMBOL             PS0
	D:0094H            SYMBOL             TMR4L
	D:00ADH            SYMBOL             SN2
	D:00CFH            SYMBOL             SFRPGCN
	D:00FBH            SYMBOL             PCA0CPL0
	D:009AH            SYMBOL             CRC0FLIP
	C:1C00H            SYMBOL             INIT
	C:184BH            SYMBOL             PARAVAL_NO_ENTRY
	C:178AH            SYMBOL             STORE_MULTI_FUNC_3
	C:162FH            SYMBOL             RUN6_BRAKE_DONE
	C:17F1H            SYMBOL             SUCCESS_BEEP_INVERTED
	C:17C2H            SYMBOL             SUCCESS_BEEP
	C:1092H            SYMBOL             FIND_THROTTLE_GAIN
	C:1047H            SYMBOL             DECODE_SETTINGS
	C:164DH            SYMBOL             RUN_TO_WAIT_FOR_POWER_ON_FAIL
	C:0948H            SYMBOL             TEMP_AVERAGE_INC_DEC
	C:07EBH            SYMBOL             GOVERNOR_INT_MAX_PWM
	C:07CBH            SYMBOL             GOVERNOR_LIMIT_INT_ERROR_POS
	C:063EH            SYMBOL             BEEP_F3
	C:03A5H            SYMBOL             PCA_INT_FAIL_MINIMUM
	C:0166H            SYMBOL             PWM_BFET
	C:013FH            SYMBOL             T0_INT_PWM_OFF_EXIT
	D:0069H            SYMBOL             SPOOLUP_LIMIT_CNT
LX51 CODE BANKING LINKER/LOCATOR V06.16.13.326             12/30/15  18:07:03

	B:00CFH            SYMBOL             TF2H
	B:00B9H            SYMBOL             PT0
	D:00CCH            SYMBOL             TMR5L
	D:0089H            SYMBOL             TMOD
	D:0088H            SYMBOL             TCON
	D:00AEH            SYMBOL             SN3
	D:00DAH            SYMBOL             PCA0CPM0
	D:00E9H            SYMBOL             PCA0CPL1
	D:00B6H            SYMBOL             FLSCL
	C:178FH            SYMBOL             STORE_MULTI_FUNC_4
	C:14C8H            SYMBOL             DAMPED_TRANSITION
	C:13C2H            SYMBOL             BEEP_DELAY_SET
	C:12CAH            SYMBOL             PROGRAM_BY_TX_ENTRY_WAIT_PWM
	C:1113H            SYMBOL             LOCK_BYTE_OK
	C:10D6H            SYMBOL             AVERAGE_THROTTLE_MEAS
	C:1041H            SYMBOL             DECODE_PWM_FREQ_LOW
	C:0F59H            SYMBOL             COMM61_FETS_DONE_REV
	C:0D0BH            SYMBOL             COMP_READ_WRONG_LOW_RPM
	C:08FDH            SYMBOL             SET_PWM_LIMIT_LOW_RPM_EXIT
	C:0645H            SYMBOL             BEEP_F4
	C:058DH            SYMBOL             PCA_INT_PPM_MAX_CHECKED
	C:0476H            SYMBOL             PCA_INT_RESTORE_EDGE
	C:02D9H            SYMBOL             T2_INT_CURRENT_PWM_DITHER_MAX_POWER
	C:0170H            SYMBOL             PWM_CFET
	C:1A03H            SYMBOL             EEP_PGM_GOV_P_GAIN
	I:00A6H            SYMBOL             PGM_STARTUP_PWR_DECODED
	I:0095H            SYMBOL             _PGM_STARTUP_METHOD
	I:0091H            SYMBOL             _PGM_VOLT_COMP
	I:0081H            SYMBOL             PGM_GOV_I_GAIN
	B:00FAH            SYMBOL             NSSMD0
	B:00FEH            SYMBOL             WCOL
	B:00E8H            SYMBOL             AD0CM0
	B:00DEH            SYMBOL             CR
	B:00D3H            SYMBOL             RS0
	B:00CBH            SYMBOL             T5SPLIT
	B:00BBH            SYMBOL             PT1
	B:009CH            SYMBOL             REN0
	D:00A3H            SYMBOL             SPI0DAT
	D:00D9H            SYMBOL             PCA0MD
	D:00DBH            SYMBOL             PCA0CPM1
	D:00EBH            SYMBOL             PCA0CPL2
	D:00D8H            SYMBOL             PCA0CN
	C:18B6H            SYMBOL             PROGRAM_BY_TX_EXIT
	C:1794H            SYMBOL             STORE_MULTI_FUNC_5
	C:171BH            SYMBOL             READ_EEPROM_BYTE
	C:131EH            SYMBOL             THROTTLE_LOW_CAL
	C:0CD4H            SYMBOL             COMP_READ_WRONG
	C:0BE9H            SYMBOL             STORE_TIMES_UP_OR_DOWN_FAST
	C:0BF6H            SYMBOL             STORE_TIMES_DECREASE_FAST
	C:0960H            SYMBOL             TEMP_AVERAGE_UPDATED
	C:0911H            SYMBOL             SET_PWM_LIMIT_HIGH_RPM_STORE
	C:088FH            SYMBOL             GOVERNOR_APPLY_INT_CORR
	C:0829H            SYMBOL             GOVERNOR_LIMIT_PROP_CORR_POS
	C:0677H            SYMBOL             BEEP_OFF
	C:0611H            SYMBOL             WAIT10MS
	C:02B7H            SYMBOL             T2_INT_CURRENT_PWM_FULL_DITHER
	C:0189H            SYMBOL             PWM_AFET_DAMPED_EXIT
	C:00DBH            SYMBOL             T0_INT_PWM_ON_EXIT
	C:1A20H            SYMBOL             EEP_PGM_BEC_VOLTAGE_HIGH
	C:1A0EH            SYMBOL             EEP_INITIALIZED_H
	C:1A0CH            SYMBOL             EEP_PGM_INPUT_POL
	I:00A3H            SYMBOL             PGM_PWM_DITHER
	I:0092H            SYMBOL             PGM_COMM_TIMING
	D:0074H            SYMBOL             TX_PGM_FUNC_NO
	D:0034H            SYMBOL             INITIAL_RUN_ROT_CNT
	D:0024H            SYMBOL             CURRENT_PWM
	B:00FBH            SYMBOL             NSSMD1
	B:00E9H            SYMBOL             AD0CM1
LX51 CODE BANKING LINKER/LOCATOR V06.16.13.326             12/30/15  18:07:03

	B:00EEH            SYMBOL             AD0TM
	B:00D4H            SYMBOL             RS1
	B:00D5H            SYMBOL             F0
	B:00BDH            SYMBOL             PT2
	B:008CH            SYMBOL             TR0
	D:00C8H            SYMBOL             TMR2CN
	D:00DCH            SYMBOL             PCA0CPM2
	C:1D7BH            SYMBOL             GETW
	C:1799H            SYMBOL             STORE_MULTI_FUNC_6
	C:1763H            SYMBOL             READ_TAG
	C:1139H            SYMBOL             RESET_CAL_DONE
	C:100EH            SYMBOL             DECODE_PARAMETERS
	C:0EBDH            SYMBOL             COMM45_FETS_DONE_REV
	C:0DFFH            SYMBOL             COMM23_NFET_OFF
	C:0B8CH            SYMBOL             STORE_TIMES_INCREASE
	C:0916H            SYMBOL             MEASURE_LIPO_CELLS
	C:07A1H            SYMBOL             CALC_GOVERNOR_INT_ERROR
	C:0529H            SYMBOL             PCA_INT_PPM_CALCULATE
	C:05F5H            SYMBOL             PCA_INT_EXIT
	C:024BH            SYMBOL             T2_INT_RCP_UPDATE_MULT
	C:019AH            SYMBOL             PWM_BFET_DAMPED_EXIT
	D:005BH            SYMBOL             RCP_PERIOD_DIFF_ACCEPTED
	D:0041H            SYMBOL             COMPARATOR_READ_CNT
	D:0033H            SYMBOL             STARTUP_CNT
	B:00EAH            SYMBOL             AD0CM2
	B:00EBH            SYMBOL             AD0WINT
	B:00D1H            SYMBOL             F1
	B:00CFH            SYMBOL             TF5H
	B:008EH            SYMBOL             TR1
	D:0091H            SYMBOL             TMR3CN
	D:00D4H            SYMBOL             P0SKIP
	D:0085H            SYMBOL             EIP1H
	C:1D89H            SYMBOL             GETX
	C:179EH            SYMBOL             STORE_MULTI_FUNC_7
	C:1625H            SYMBOL             RUN6_CHECK_SPEED
	C:13EBH            SYMBOL             WAIT_FOR_POWER_ON_PPM_NOT_MISSING
	C:0F90H            SYMBOL             SWITCH_POWER_OFF
	C:0CEBH            SYMBOL             COMP_READ_WRONG_NOT_STARTUP
	C:0AAFH            SYMBOL             CALC_NEW_WAIT_PER_DEMAG_DONE
	C:0616H            SYMBOL             WAIT30MS
	C:057EH            SYMBOL             PCA_INT_PPM_BIDIR_DONE
	C:0465H            SYMBOL             PCA_INT_CHECK_1KHZ
	C:02FEH            SYMBOL             T2H_INT
	C:01ABH            SYMBOL             PWM_CFET_DAMPED_EXIT
	C:00AAH            SYMBOL             MOTOR_PWM_REMAP
	D:0046H            SYMBOL             GOV_INTEGRAL_X
	C:1A50H            SYMBOL             EEP_ESC_MCU
	B:00ECH            SYMBOL             AD0BUSY
	B:00C8H            SYMBOL             T2XCLK
	B:00CAH            SYMBOL             TR2
	B:00CEH            SYMBOL             TF2L
	B:00C5H            SYMBOL             STA0
	B:00B8H            SYMBOL             PX0
	D:00D3H            SYMBOL             TS0DATH
	D:0091H            SYMBOL             TMR4CN
	D:00F7H            SYMBOL             PCA0PWM
	D:00D5H            SYMBOL             P1SKIP
	D:0086H            SYMBOL             EIP2H
	C:1CBDH            SYMBOL             RST
	C:1882H            SYMBOL             FUNC_PARAVAL_CONT_WAIT
	C:17BAH            SYMBOL             WAIT1S
	C:17A3H            SYMBOL             STORE_MULTI_FUNC_8
	C:176DH            SYMBOL             WRITE_TAGS
	C:1655H            SYMBOL             RUN_TO_WAIT_FOR_POWER_ON
	C:0F37H            SYMBOL             COMM61_NFET_OFF
	C:0D46H            SYMBOL             EVAL_COMP_CHECK_TIMEOUT
	C:0C95H            SYMBOL             COMP_WAIT_ON_COMP_ABLE_NOT_TIMED_OUT
	C:0B73H            SYMBOL             ADJUST_TIMING_TWO_STEPS
LX51 CODE BANKING LINKER/LOCATOR V06.16.13.326             12/30/15  18:07:03

	C:09D6H            SYMBOL             INITIALIZE_TIMING
	C:09B5H            SYMBOL             CHECK_VOLTAGE_RET
	C:0765H            SYMBOL             GOVERNOR_ACTIVATE_RANGE_SET
	C:0627H            SYMBOL             WAITXMS_M
	C:0454H            SYMBOL             PCA_INT_CHECK_2KHZ
	I:009AH            SYMBOL             PGM_BEACON_DELAY
	I:0099H            SYMBOL             PGM_BEACON_STRENGTH
	D:004CH            SYMBOL             WT_ADV_START_H
	D:0043H            SYMBOL             GOV_TARGET_H
	B:00C5H            SYMBOL             STA1
	B:00BAH            SYMBOL             PX1
	D:00C8H            SYMBOL             TMR5CN
	D:00C7H            SYMBOL             SMBTC
	D:00D6H            SYMBOL             P2SKIP
	D:00B8H            SYMBOL             IP
	D:00DFH            SYMBOL             CRC0CN
	C:1CB4H            SYMBOL             EXIT
	C:1DDCH            SYMBOL             BOOT_MSG
	C:17A8H            SYMBOL             STORE_MULTI_FUNC_9
	C:1444H            SYMBOL             READ_INITIAL_TEMP
	C:13DFH            SYMBOL             WAIT_FOR_POWER_ON_NO_BEEP
	C:1046H            SYMBOL             DECODE_PWM_FREQ_END
	C:0DADH            SYMBOL             WAIT_FOR_COMM_WAIT
	C:091AH            SYMBOL             START_ADC_CONVERSION
	C:0707H            SYMBOL             MULT_S16_BY_U8_EXIT
	C:059FH            SYMBOL             PCA_INT_PPM_LIMIT_AFTER_MULT
	C:037CH            SYMBOL             GET_RCP_END
	C:0338H            SYMBOL             T2H_INT_RCP_GOV_PWM
	C:0273H            SYMBOL             T2_INT_PWM_MIN_RUN
	C:009AH            SYMBOL             PWM_DITHER_TABLE
	C:1A60H            SYMBOL             EEP_NAME
	C:1A0DH            SYMBOL             EEP_INITIALIZED_L
	I:00A1H            SYMBOL             PGM_ENABLE_POWER_PROT
	D:0066H            SYMBOL             PWM_DITHER_DECODED
	D:0063H            SYMBOL             PWM_LIMIT_BY_RPM
	D:0038H            SYMBOL             LOW_RPM_PWR_SLOPE
	D:0021H            SYMBOL             BIT_ACCESS_INT
	D:00D0H            SYMBOL             PSW
	C:1DC9H            SYMBOL             WAITF
	C:17B7H            SYMBOL             STORE_IN_RAM_EXIT
	C:1269H            SYMBOL             VALIDATE_RCP_START
	C:110CH            SYMBOL             LOCK_BYTE_TEST
	C:0E9BH            SYMBOL             COMM45_NFET_OFF
	C:0DD2H            SYMBOL             COMM12_REV
	C:0DBEH            SYMBOL             COMM1COMM2
	C:0C07H            SYMBOL             WAIT_BEFORE_ZC_SCAN_WAIT
	C:095EH            SYMBOL             TEMP_AVERAGE_UPDATED_LOAD_ACC
	C:0954H            SYMBOL             TEMP_AVERAGE_DEC
	C:07FFH            SYMBOL             CALC_GOVERNOR_PROP_CORRECTION
	C:0625H            SYMBOL             WAITXMS_O
	C:05EAH            SYMBOL             PCA_INT_PPM_TIMEOUT_SET
	C:0443H            SYMBOL             PCA_INT_CHECK_4KHZ
	C:00FCH            SYMBOL             T0_INT_PWM_OFF
	C:00C2H            SYMBOL             T0_INT_START
	I:0094H            SYMBOL             PGM_GOV_RANGE
	D:0048H            SYMBOL             GOV_PROPORTIONAL_H
	B:00C8H            SYMBOL             T5XCLK
	B:00CAH            SYMBOL             TR5
	B:00CEH            SYMBOL             TF5L
	D:00C1H            SYMBOL             SMB0CF
	D:00B7H            SYMBOL             FLKEY
	D:00C4H            SYMBOL             ADC0GTH
	C:1D5CH            SYMBOL             PUTC
	D:0020H            SYMBOL             BIT_REG
	C:16D8H            SYMBOL             READ_EEPROM_EXIT
	C:139FH            SYMBOL             WAIT_FOR_POWER_ON_LOOP
	C:1190H            SYMBOL             INPUT_HIGH_CHECK_1
	C:0986H            SYMBOL             CHECK_VOLTAGE_START
LX51 CODE BANKING LINKER/LOCATOR V06.16.13.326             12/30/15  18:07:03

	C:08B9H            SYMBOL             SET_PWM_LIMIT_LOW_RPM
	C:08B8H            SYMBOL             CALC_GOVERNOR_INT_CORR_EXIT
	C:07D4H            SYMBOL             GOVERNOR_LIMIT_INT_ERROR_NEG
	C:06ECH            SYMBOL             MULT_S16_BY_U8_DIV_LOOP
	C:064CH            SYMBOL             BEEP
	C:054CH            SYMBOL             PCA_INT_PPM_BIDIR_DIR_SET
	C:04A7H            SYMBOL             PCA_INT_FALL
	C:02E8H            SYMBOL             T2_INT_PWM_EXIT
	C:0229H            SYMBOL             T2_INT_SKIP_END
	C:009FH            SYMBOL             TX_PGM_PARAMS_MULTI
	C:1A23H            SYMBOL             EEP_PGM_TEMP_PROT_ENABLE
	C:1A1EH            SYMBOL             _EEP_PGM_THROTTLE_RATE
	C:1A12H            SYMBOL             _EEP_PGM_STARTUP_RPM
	I:00A5H            SYMBOL             PGM_GOV_I_GAIN_DECODED
	I:0080H            SYMBOL             PGM_GOV_P_GAIN
	D:006CH            SYMBOL             MAIN_SPOOLUP_TIME_10X
	D:0040H            SYMBOL             COMM_PHASE
	D:0028H            SYMBOL             RCP_PREV_EDGE_H
	B:00D8H            SYMBOL             CCF0
	B:00D7H            SYMBOL             CY
	B:00C7H            SYMBOL             MASTER0
	B:009AH            SYMBOL             RB80
	D:00E1H            SYMBOL             XBR0
	D:00D2H            SYMBOL             TS0DATL
	D:00A2H            SYMBOL             SPI0CKR
	D:00C1H            SYMBOL             SMB1CF
	D:00B5H            SYMBOL             PFE0CN
	D:00AAH            SYMBOL             EMI0CN
	D:0083H            SYMBOL             DPH
	D:009FH            SYMBOL             CPT0MX
	C:1DCDH            SYMBOL             WAITH
	C:1734H            SYMBOL             ERASE_FLASH
	C:1658H            SYMBOL             RUN_TO_WAIT_FOR_POWER_ON_STALL_DONE
	C:183FH            SYMBOL             PROGRAM_BY_TX
	C:1192H            SYMBOL             INPUT_HIGH_CHECK_2
	C:0E29H            SYMBOL             COMM23_NONDAMP
	C:0DE3H            SYMBOL             COMM2COMM3
	C:0A56H            SYMBOL             CALC_NEXT_COMM_AVG_PERIOD_DIV
	C:08B6H            SYMBOL             GOVERNOR_STORE_INT_CORR
	C:0878H            SYMBOL             GOVERNOR_CHECK_INT_CORR_LIMIT_POS
	C:0847H            SYMBOL             GOVERNOR_CORR_PROP_MIN_PWM
	C:0752H            SYMBOL             GOVERNOR_ACTIVATE_100K
	C:01C9H            SYMBOL             T2_INT_START
	C:017AH            SYMBOL             PWM_AFET_DAMPED
	C:1A11H            SYMBOL             _EEP_PGM_GOV_SETUP_TARGET
	C:1A0BH            SYMBOL             EEP_PGM_DIRECTION
	C:1A0AH            SYMBOL             EEP_PGM_PWM_FREQ
	I:009DH            SYMBOL             PGM_BEC_VOLTAGE_HIGH
	I:0089H            SYMBOL             PGM_INPUT_POL
	D:0054H            SYMBOL             NEXT_WT_START_H
	D:004BH            SYMBOL             WT_ADV_START_L
	D:0042H            SYMBOL             GOV_TARGET_L
	D:0037H            SYMBOL             DEMAG_PWR_OFF_THRESH
	D:002CH            SYMBOL             FLAGS0
	D:0025H            SYMBOL             CURRENT_PWM_LIMITED
	B:00D9H            SYMBOL             CCF1
	B:00C7H            SYMBOL             MASTER1
	D:00E2H            SYMBOL             XBR1
	D:00B3H            SYMBOL             OSCICL
	C:1C47H            SYMBOL             ID1
	C:1871H            SYMBOL             FUNC_PARAVAL_STORE
	C:1720H            SYMBOL             WRITE_EEPROM_BYTE_FROM_ACC
	C:16C0H            SYMBOL             READ_EEPROM_BLOCK1
	C:16B9H            SYMBOL             READ_EEPROM_READ
	C:0E09H            SYMBOL             COMM23_DAMP_REV
	C:0BC9H            SYMBOL             CALC_NEW_WAIT_TIMES_FAST
	C:0B22H            SYMBOL             LOAD_MIN_TIME_FAST
	C:0919H            SYMBOL             MEASURE_LIPO_EXIT
LX51 CODE BANKING LINKER/LOCATOR V06.16.13.326             12/30/15  18:07:03

	C:082FH            SYMBOL             GOVERNOR_LIMIT_PROP_CORR_NEG
	C:0785H            SYMBOL             GOVERNOR_CHECK_PROP_LIMIT_POS
	C:03CEH            SYMBOL             PCA_INT_SECOND_MEAS_PWM_FREQ
	C:031BH            SYMBOL             T2H_INT_RCP_STOP_CHECK
	C:018BH            SYMBOL             PWM_BFET_DAMPED
	C:035CH            SYMBOL             PCA_INT
	C:1A21H            SYMBOL             EEP_PGM_PPM_CENTER_THROTTLE
	D:002DH            SYMBOL             FLAGS1
	B:00DAH            SYMBOL             CCF2
	B:009BH            SYMBOL             TB80
	B:0089H            SYMBOL             IE0
	D:00D1H            SYMBOL             REF0CN
	D:00A9H            SYMBOL             CLKSEL
	C:1DE0H            SYMBOL             BOOT_INFO
	C:16CEH            SYMBOL             READ_EEPROM_BLOCK2
	C:1206H            SYMBOL             MEASURE_PWM_FREQ_START
	C:0F60H            SYMBOL             COMM61_NONDAMP
	C:0F1BH            SYMBOL             COMM6COMM1
	C:0E6EH            SYMBOL             COMM34_REV
	C:0E5AH            SYMBOL             COMM3COMM4
	C:0C84H            SYMBOL             COMP_WAIT_NO_OF_READINGS
	C:0C52H            SYMBOL             WAIT_FOR_COMP_OUT_HIGH
	C:0858H            SYMBOL             GOVERNOR_CORR_PROP_MAX_PWM
	C:0540H            SYMBOL             PCA_INT_PPM_BIDIR_REV
	C:0432H            SYMBOL             PCA_INT_CHECK_8KHZ
	C:02D0H            SYMBOL             T2_INT_CURRENT_PWM_DITHER_MAX_EXCESS_P&
OWER
	C:019CH            SYMBOL             PWM_CFET_DAMPED
	C:1A22H            SYMBOL             _EEP_PGM_MAIN_SPOOLUP_TIME
	C:1A06H            SYMBOL             _EEP_PGM_LOW_VOLTAGE_LIM
	D:007BH            SYMBOL             DAMPINGFET
	D:004EH            SYMBOL             WT_ZC_SCAN_START_H
	D:0049H            SYMBOL             GOV_PROP_PWM
	D:0047H            SYMBOL             GOV_PROPORTIONAL_L
	D:002EH            SYMBOL             FLAGS2
	D:002BH            SYMBOL             RCP_SKIP_CNT
	D:0026H            SYMBOL             CURRENT_PWM_LIM_DITH
	B:00F8H            SYMBOL             SPIEN
	B:00C1H            SYMBOL             ACK0
	B:008BH            SYMBOL             IE1
	D:00C9H            SYMBOL             REG0CN
	D:00B2H            SYMBOL             OSCICN
	D:009CH            SYMBOL             CRC0IN
	D:00F4H            SYMBOL             CKCON1
	D:00C3H            SYMBOL             ADC0GTL
	C:0000H            LINE#              2285
	C:00AAH            LINE#              2324
	C:00ACH            LINE#              2325
	C:00AFH            LINE#              2326
	C:00B0H            LINE#              2327
	C:00B2H            LINE#              2328
	C:00B4H            LINE#              2329
	C:00B5H            LINE#              2340
	C:00B7H            LINE#              2343
	C:00BAH            LINE#              2345
	C:00BCH            LINE#              2346
	C:00BFH            LINE#              2347
	C:00C1H            LINE#              2348
	C:00C2H            LINE#              2352
	C:00C4H            LINE#              2353
	C:00C6H            LINE#              2358
	C:00C8H            LINE#              2359
	C:00CAH            LINE#              2360
	C:00CCH            LINE#              2363
	C:00CEH            LINE#              2364
	C:00D0H            LINE#              2365
	C:00D2H            LINE#              2368
	C:00D5H            LINE#              2371
LX51 CODE BANKING LINKER/LOCATOR V06.16.13.326             12/30/15  18:07:03

	C:00D7H            LINE#              2372
	C:00D9H            LINE#              2375
	C:00DAH            LINE#              2376
	C:00DBH            LINE#              2380
	C:00DDH            LINE#              2381
	C:00DEH            LINE#              2385
	C:00DFH            LINE#              2386
	C:00E0H            LINE#              2387
	C:00E2H            LINE#              2389
	C:00E5H            LINE#              2390
	C:00E7H            LINE#              2391
	C:00E9H            LINE#              2392
	C:00EBH            LINE#              2395
	C:00EDH            LINE#              2399
	C:00F0H            LINE#              2401
	C:00F3H            LINE#              2403
	C:00F5H            LINE#              2405
	C:00F7H            LINE#              2406
	C:00F9H            LINE#              2407
	C:00FBH            LINE#              2408
	C:00FCH            LINE#              2416
	C:00FDH            LINE#              2417
	C:00FFH            LINE#              2418
	C:0100H            LINE#              2419
	C:0102H            LINE#              2421
	C:0105H            LINE#              2422
	C:0107H            LINE#              2423
	C:0109H            LINE#              2424
	C:010BH            LINE#              2427
	C:010DH            LINE#              2431
	C:010FH            LINE#              2433
	C:0111H            LINE#              2434
	C:0112H            LINE#              2435
	C:0114H            LINE#              2439
	C:0117H            LINE#              2442
	C:011AH            LINE#              2447
	C:011DH            LINE#              2449
	C:0120H            LINE#              2451
	C:0122H            LINE#              2452
	C:0124H            LINE#              2453
	C:012AH            LINE#              2454
	C:012CH            LINE#              2455
	C:012DH            LINE#              2459
	C:0133H            LINE#              2460
	C:0136H            LINE#              2462
	C:0138H            LINE#              2463
	C:013BH            LINE#              2465
	C:013FH            LINE#              2477
	C:0142H            LINE#              2479
	C:0145H            LINE#              2481
	C:0147H            LINE#              2482
	C:0149H            LINE#              2483
	C:014BH            LINE#              2484
	C:014CH            LINE#              2487
	C:014FH            LINE#              2489
	C:0151H            LINE#              2490
	C:0154H            LINE#              2492
	C:0156H            LINE#              2493
	C:0158H            LINE#              2494
	C:015AH            LINE#              2498
	C:015CH            LINE#              2501
	C:015FH            LINE#              2502
	C:0162H            LINE#              2503
	C:0164H            LINE#              2505
	C:0166H            LINE#              2508
	C:0169H            LINE#              2509
	C:016CH            LINE#              2510
	C:016EH            LINE#              2512
LX51 CODE BANKING LINKER/LOCATOR V06.16.13.326             12/30/15  18:07:03

	C:0170H            LINE#              2515
	C:0173H            LINE#              2516
	C:0176H            LINE#              2517
	C:0178H            LINE#              2519
	C:017AH            LINE#              2522
	C:017CH            LINE#              2523
	C:017FH            LINE#              2524
	C:0182H            LINE#              2526
	C:0184H            LINE#              2527
	C:0187H            LINE#              2530
	C:0189H            LINE#              2532
	C:018BH            LINE#              2535
	C:018DH            LINE#              2536
	C:0190H            LINE#              2537
	C:0193H            LINE#              2539
	C:0195H            LINE#              2540
	C:0198H            LINE#              2543
	C:019AH            LINE#              2545
	C:019CH            LINE#              2548
	C:019EH            LINE#              2549
	C:01A1H            LINE#              2550
	C:01A4H            LINE#              2552
	C:01A6H            LINE#              2553
	C:01A9H            LINE#              2556
	C:01ABH            LINE#              2558
	C:01ADH            LINE#              2569
	C:01AFH            LINE#              2570
	C:01B1H            LINE#              2571
	C:01B4H            LINE#              2572
	C:01B6H            LINE#              2573
	C:01B8H            LINE#              2574
	C:01BAH            LINE#              2575
	C:01BCH            LINE#              2577
	C:01BEH            LINE#              2578
	C:01C0H            LINE#              2581
	C:01C2H            LINE#              2582
	C:01C4H            LINE#              2584
	C:01C7H            LINE#              2585
	C:01C9H            LINE#              2588
	C:01CCH            LINE#              2591
	C:01CEH            LINE#              2593
	C:01D0H            LINE#              2594
	C:01D2H            LINE#              2597
	C:01D5H            LINE#              2599
	C:01D7H            LINE#              2600
	C:01D9H            LINE#              2604
	C:01DBH            LINE#              2605
	C:01DDH            LINE#              2606
	C:01E0H            LINE#              2608
	C:01E6H            LINE#              2609
	C:01E9H            LINE#              2610
	C:01EBH            LINE#              2611
	C:01FAH            LINE#              2612
	C:01FCH            LINE#              2613
	C:01FEH            LINE#              2614
	C:0204H            LINE#              2615
	C:0207H            LINE#              2616
	C:0209H            LINE#              2617
	C:020AH            LINE#              2618
	C:020BH            LINE#              2619
	C:020CH            LINE#              2620
	C:020EH            LINE#              2623
	C:0211H            LINE#              2625
	C:0214H            LINE#              2627
	C:0217H            LINE#              2629
	C:021AH            LINE#              2632
	C:021CH            LINE#              2633
	C:021EH            LINE#              2636
LX51 CODE BANKING LINKER/LOCATOR V06.16.13.326             12/30/15  18:07:03

	C:0221H            LINE#              2639
	C:0223H            LINE#              2640
	C:0225H            LINE#              2643
	C:0227H            LINE#              2644
	C:0229H            LINE#              2648
	C:022CH            LINE#              2649
	C:022EH            LINE#              2653
	C:0231H            LINE#              2654
	C:0233H            LINE#              2656
	C:0235H            LINE#              2657
	C:0238H            LINE#              2659
	C:023AH            LINE#              2662
	C:023DH            LINE#              2669
	C:023FH            LINE#              2670
	C:0242H            LINE#              2674
	C:0243H            LINE#              2675
	C:0244H            LINE#              2676
	C:0246H            LINE#              2677
	C:0248H            LINE#              2679
	C:024AH            LINE#              2680
	C:024BH            LINE#              2684
	C:024CH            LINE#              2685
	C:024DH            LINE#              2686
	C:024FH            LINE#              2687
	C:0250H            LINE#              2688
	C:0251H            LINE#              2690
	C:0253H            LINE#              2691
	C:0256H            LINE#              2692
	C:0258H            LINE#              2694
	C:0259H            LINE#              2695
	C:025AH            LINE#              2696
	C:025BH            LINE#              2697
	C:025CH            LINE#              2698
	C:025EH            LINE#              2699
	C:0261H            LINE#              2701
	C:0262H            LINE#              2702
	C:0263H            LINE#              2705
	C:0266H            LINE#              2707
	C:0267H            LINE#              2708
	C:0268H            LINE#              2709
	C:0269H            LINE#              2710
	C:026AH            LINE#              2711
	C:026CH            LINE#              2714
	C:026DH            LINE#              2715
	C:026EH            LINE#              2716
	C:0270H            LINE#              2718
	C:0272H            LINE#              2719
	C:0273H            LINE#              2736
	C:0275H            LINE#              2739
	C:0277H            LINE#              2740
	C:0279H            LINE#              2741
	C:027BH            LINE#              2743
	C:027DH            LINE#              2744
	C:027EH            LINE#              2745
	C:027FH            LINE#              2746
	C:0280H            LINE#              2747
	C:0281H            LINE#              2748
	C:0283H            LINE#              2749
	C:0285H            LINE#              2750
	C:0287H            LINE#              2752
	C:028AH            LINE#              2757
	C:028CH            LINE#              2758
	C:028FH            LINE#              2761
	C:0292H            LINE#              2764
	C:0294H            LINE#              2765
	C:0295H            LINE#              2766
	C:0297H            LINE#              2767
	C:0299H            LINE#              2768
LX51 CODE BANKING LINKER/LOCATOR V06.16.13.326             12/30/15  18:07:03

	C:029BH            LINE#              2770
	C:029DH            LINE#              2774
	C:029EH            LINE#              2775
	C:029FH            LINE#              2776
	C:02A1H            LINE#              2777
	C:02A3H            LINE#              2779
	C:02A5H            LINE#              2782
	C:02A7H            LINE#              2784
	C:02A9H            LINE#              2785
	C:02ABH            LINE#              2786
	C:02ADH            LINE#              2788
	C:02AEH            LINE#              2789
	C:02AFH            LINE#              2790
	C:02B1H            LINE#              2791
	C:02B2H            LINE#              2792
	C:02B4H            LINE#              2794
	C:02B5H            LINE#              2795
	C:02B6H            LINE#              2796
	C:02B7H            LINE#              2799
	C:02B8H            LINE#              2800
	C:02B9H            LINE#              2801
	C:02BAH            LINE#              2802
	C:02BBH            LINE#              2803
	C:02BCH            LINE#              2804
	C:02BEH            LINE#              2805
	C:02BFH            LINE#              2806
	C:02C0H            LINE#              2807
	C:02C1H            LINE#              2808
	C:02C3H            LINE#              2810
	C:02C5H            LINE#              2811
	C:02C6H            LINE#              2812
	C:02C8H            LINE#              2813
	C:02CAH            LINE#              2814
	C:02CCH            LINE#              2815
	C:02CEH            LINE#              2817
	C:02D0H            LINE#              2820
	C:02D1H            LINE#              2821
	C:02D2H            LINE#              2822
	C:02D4H            LINE#              2823
	C:02D5H            LINE#              2824
	C:02D7H            LINE#              2825
	C:02D9H            LINE#              2828
	C:02DBH            LINE#              2831
	C:02DDH            LINE#              2834
	C:02DFH            LINE#              2835
	C:02E0H            LINE#              2836
	C:02E2H            LINE#              2837
	C:02E4H            LINE#              2838
	C:02E6H            LINE#              2839
	C:02E8H            LINE#              2844
	C:02E9H            LINE#              2845
	C:02EBH            LINE#              2846
	C:02EDH            LINE#              2847
	C:02EFH            LINE#              2849
	C:02F1H            LINE#              2853
	C:02F4H            LINE#              2854
	C:02F6H            LINE#              2855
	C:02F8H            LINE#              2856
	C:02FBH            LINE#              2857
	C:02FDH            LINE#              2858
	C:02FEH            LINE#              2862
	C:0300H            LINE#              2863
	C:0302H            LINE#              2866
	C:0304H            LINE#              2867
	C:0306H            LINE#              2869
	C:0309H            LINE#              2870
	C:030BH            LINE#              2873
	C:030EH            LINE#              2876
LX51 CODE BANKING LINKER/LOCATOR V06.16.13.326             12/30/15  18:07:03

	C:0310H            LINE#              2877
	C:0312H            LINE#              2879
	C:0314H            LINE#              2880
	C:0316H            LINE#              2883
	C:0319H            LINE#              2885
	C:031BH            LINE#              2889
	C:031CH            LINE#              2890
	C:031EH            LINE#              2891
	C:0320H            LINE#              2892
	C:0322H            LINE#              2895
	C:0325H            LINE#              2896
	C:0327H            LINE#              2900
	C:032AH            LINE#              2901
	C:032DH            LINE#              2902
	C:032FH            LINE#              2903
	C:0331H            LINE#              2904
	C:0333H            LINE#              2905
	C:0335H            LINE#              2907
	C:0338H            LINE#              3037
	C:033AH            LINE#              3038
	C:033CH            LINE#              3039
	C:033FH            LINE#              3040
	C:0341H            LINE#              3041
	C:0342H            LINE#              3052
	C:0344H            LINE#              3053
	C:0346H            LINE#              3054
	C:0349H            LINE#              3055
	C:034BH            LINE#              3057
	C:034EH            LINE#              3058
	C:0351H            LINE#              3059
	C:0354H            LINE#              3060
	C:0357H            LINE#              3061
	C:0359H            LINE#              3062
	C:035BH            LINE#              3063
	C:035CH            LINE#              3074
	C:035EH            LINE#              3075
	C:0361H            LINE#              3076
	C:0363H            LINE#              3077
	C:0365H            LINE#              3078
	C:0367H            LINE#              3079
	C:0369H            LINE#              3080
	C:036BH            LINE#              3081
	C:036DH            LINE#              3083
	C:037CH            LINE#              3085
	C:037EH            LINE#              3087
	C:0381H            LINE#              3088
	C:0383H            LINE#              3090
	C:0392H            LINE#              3091
	C:0394H            LINE#              3093
	C:039AH            LINE#              3095
	C:039DH            LINE#              3096
	C:039FH            LINE#              3099
	C:03A1H            LINE#              3100
	C:03A3H            LINE#              3101
	C:03A5H            LINE#              3105
	C:03B4H            LINE#              3106
	C:03B6H            LINE#              3107
	C:03B8H            LINE#              3108
	C:03BBH            LINE#              3110
	C:03BDH            LINE#              3112
	C:03BFH            LINE#              3113
	C:03C5H            LINE#              3114
	C:03C8H            LINE#              3116
	C:03CAH            LINE#              3118
	C:03CCH            LINE#              3119
	C:03CEH            LINE#              3123
	C:03DDH            LINE#              3124
	C:03DFH            LINE#              3126
LX51 CODE BANKING LINKER/LOCATOR V06.16.13.326             12/30/15  18:07:03

	C:03E2H            LINE#              3127
	C:03E4H            LINE#              3130
	C:03F3H            LINE#              3131
	C:03F5H            LINE#              3132
	C:03F7H            LINE#              3134
	C:03F9H            LINE#              3135
	C:03FBH            LINE#              3137
	C:03FCH            LINE#              3138
	C:03FDH            LINE#              3139
	C:03FFH            LINE#              3140
	C:0400H            LINE#              3141
	C:0401H            LINE#              3142
	C:0403H            LINE#              3143
	C:0404H            LINE#              3144
	C:0406H            LINE#              3145
	C:0408H            LINE#              3146
	C:040AH            LINE#              3148
	C:040BH            LINE#              3149
	C:040CH            LINE#              3150
	C:040EH            LINE#              3151
	C:040FH            LINE#              3152
	C:0411H            LINE#              3153
	C:0413H            LINE#              3155
	C:0416H            LINE#              3156
	C:0418H            LINE#              3159
	C:041AH            LINE#              3160
	C:041CH            LINE#              3161
	C:041DH            LINE#              3162
	C:041FH            LINE#              3163
	C:0421H            LINE#              3166
	C:0422H            LINE#              3167
	C:0423H            LINE#              3168
	C:0425H            LINE#              3169
	C:0426H            LINE#              3170
	C:0428H            LINE#              3171
	C:042AH            LINE#              3173
	C:042BH            LINE#              3174
	C:042DH            LINE#              3175
	C:042EH            LINE#              3176
	C:0430H            LINE#              3177
	C:0432H            LINE#              3181
	C:0433H            LINE#              3182
	C:0434H            LINE#              3183
	C:0436H            LINE#              3184
	C:0437H            LINE#              3185
	C:0439H            LINE#              3186
	C:043BH            LINE#              3188
	C:043CH            LINE#              3189
	C:043EH            LINE#              3190
	C:043FH            LINE#              3191
	C:0441H            LINE#              3192
	C:0443H            LINE#              3196
	C:0444H            LINE#              3197
	C:0445H            LINE#              3198
	C:0447H            LINE#              3199
	C:0448H            LINE#              3200
	C:044AH            LINE#              3201
	C:044CH            LINE#              3203
	C:044DH            LINE#              3204
	C:044FH            LINE#              3205
	C:0450H            LINE#              3206
	C:0452H            LINE#              3207
	C:0454H            LINE#              3211
	C:0455H            LINE#              3212
	C:0456H            LINE#              3213
	C:0458H            LINE#              3214
	C:0459H            LINE#              3215
	C:045BH            LINE#              3216
LX51 CODE BANKING LINKER/LOCATOR V06.16.13.326             12/30/15  18:07:03

	C:045DH            LINE#              3218
	C:045EH            LINE#              3219
	C:0460H            LINE#              3220
	C:0461H            LINE#              3221
	C:0463H            LINE#              3222
	C:0465H            LINE#              3226
	C:0466H            LINE#              3227
	C:0467H            LINE#              3228
	C:0469H            LINE#              3229
	C:046AH            LINE#              3230
	C:046CH            LINE#              3231
	C:046EH            LINE#              3233
	C:046FH            LINE#              3234
	C:0471H            LINE#              3235
	C:0472H            LINE#              3236
	C:0474H            LINE#              3239
	C:0476H            LINE#              3242
	C:0477H            LINE#              3243
	C:0478H            LINE#              3244
	C:047AH            LINE#              3245
	C:047BH            LINE#              3246
	C:047CH            LINE#              3247
	C:047EH            LINE#              3248
	C:047FH            LINE#              3250
	C:0482H            LINE#              3251
	C:0483H            LINE#              3252
	C:0484H            LINE#              3253
	C:0486H            LINE#              3254
	C:0487H            LINE#              3255
	C:0488H            LINE#              3256
	C:0489H            LINE#              3257
	C:048BH            LINE#              3258
	C:048CH            LINE#              3262
	C:048FH            LINE#              3263
	C:0490H            LINE#              3264
	C:0491H            LINE#              3265
	C:0492H            LINE#              3266
	C:0493H            LINE#              3267
	C:0494H            LINE#              3268
	C:0496H            LINE#              3270
	C:0499H            LINE#              3274
	C:049BH            LINE#              3275
	C:049DH            LINE#              3277
	C:04A0H            LINE#              3278
	C:04A3H            LINE#              3279
	C:04A5H            LINE#              3280
	C:04A7H            LINE#              3284
	C:04A8H            LINE#              3285
	C:04A9H            LINE#              3286
	C:04ABH            LINE#              3287
	C:04ACH            LINE#              3288
	C:04ADH            LINE#              3289
	C:04AFH            LINE#              3290
	C:04B0H            LINE#              3291
	C:04B3H            LINE#              3292
	C:04B5H            LINE#              3294
	C:04B8H            LINE#              3295
	C:04BAH            LINE#              3297
	C:04BDH            LINE#              3298
	C:04BFH            LINE#              3300
	C:04C2H            LINE#              3301
	C:04C4H            LINE#              3303
	C:04C5H            LINE#              3304
	C:04C6H            LINE#              3305
	C:04C7H            LINE#              3306
	C:04C8H            LINE#              3307
	C:04CAH            LINE#              3310
	C:04CBH            LINE#              3311
LX51 CODE BANKING LINKER/LOCATOR V06.16.13.326             12/30/15  18:07:03

	C:04CCH            LINE#              3312
	C:04CDH            LINE#              3313
	C:04CEH            LINE#              3314
	C:04CFH            LINE#              3315
	C:04D0H            LINE#              3316
	C:04D1H            LINE#              3318
	C:04D4H            LINE#              3319
	C:04D6H            LINE#              3321
	C:04D7H            LINE#              3322
	C:04D8H            LINE#              3323
	C:04D9H            LINE#              3324
	C:04DAH            LINE#              3325
	C:04DBH            LINE#              3326
	C:04DCH            LINE#              3327
	C:04DDH            LINE#              3329
	C:04E0H            LINE#              3330
	C:04E2H            LINE#              3332
	C:04E3H            LINE#              3333
	C:04E4H            LINE#              3334
	C:04E5H            LINE#              3335
	C:04E6H            LINE#              3336
	C:04E7H            LINE#              3337
	C:04E8H            LINE#              3338
	C:04E9H            LINE#              3341
	C:04ECH            LINE#              3344
	C:04EDH            LINE#              3345
	C:04EEH            LINE#              3346
	C:04F0H            LINE#              3347
	C:04F1H            LINE#              3348
	C:04F3H            LINE#              3349
	C:04F5H            LINE#              3351
	C:04F7H            LINE#              3355
	C:04F8H            LINE#              3356
	C:04FAH            LINE#              3358
	C:04FBH            LINE#              3359
	C:04FCH            LINE#              3360
	C:04FEH            LINE#              3361
	C:0500H            LINE#              3364
	C:0502H            LINE#              3365
	C:0503H            LINE#              3366
	C:0505H            LINE#              3367
	C:0507H            LINE#              3368
	C:0509H            LINE#              3369
	C:050BH            LINE#              3371
	C:050EH            LINE#              3372
	C:0510H            LINE#              3373
	C:0512H            LINE#              3376
	C:0514H            LINE#              3377
	C:0516H            LINE#              3379
	C:0518H            LINE#              3383
	C:051AH            LINE#              3384
	C:051BH            LINE#              3385
	C:051CH            LINE#              3387
	C:051EH            LINE#              3388
	C:0521H            LINE#              3390
	C:0523H            LINE#              3392
	C:0526H            LINE#              3394
	C:0528H            LINE#              3396
	C:0529H            LINE#              3399
	C:052BH            LINE#              3400
	C:052CH            LINE#              3401
	C:052DH            LINE#              3402
	C:052FH            LINE#              3403
	C:0530H            LINE#              3405
	C:0531H            LINE#              3406
	C:0532H            LINE#              3407
	C:0533H            LINE#              3408
	C:0534H            LINE#              3409
LX51 CODE BANKING LINKER/LOCATOR V06.16.13.326             12/30/15  18:07:03

	C:0535H            LINE#              3410
	C:0536H            LINE#              3411
	C:0537H            LINE#              3413
	C:0539H            LINE#              3414
	C:053CH            LINE#              3416
	C:053EH            LINE#              3417
	C:0540H            LINE#              3420
	C:0543H            LINE#              3422
	C:0545H            LINE#              3423
	C:0547H            LINE#              3426
	C:054AH            LINE#              3428
	C:054CH            LINE#              3431
	C:054EH            LINE#              3433
	C:0550H            LINE#              3436
	C:0553H            LINE#              3438
	C:0554H            LINE#              3439
	C:0555H            LINE#              3440
	C:0557H            LINE#              3441
	C:0558H            LINE#              3442
	C:0559H            LINE#              3443
	C:055AH            LINE#              3444
	C:055CH            LINE#              3445
	C:055DH            LINE#              3446
	C:0560H            LINE#              3450
	C:0562H            LINE#              3451
	C:0564H            LINE#              3452
	C:0566H            LINE#              3456
	C:0569H            LINE#              3458
	C:056AH            LINE#              3459
	C:056BH            LINE#              3460
	C:056CH            LINE#              3461
	C:056DH            LINE#              3462
	C:056EH            LINE#              3463
	C:056FH            LINE#              3464
	C:0570H            LINE#              3465
	C:0571H            LINE#              3466
	C:0573H            LINE#              3467
	C:0574H            LINE#              3468
	C:0575H            LINE#              3469
	C:0577H            LINE#              3470
	C:0578H            LINE#              3471
	C:057AH            LINE#              3473
	C:057CH            LINE#              3474
	C:057EH            LINE#              3478
	C:057FH            LINE#              3479
	C:0580H            LINE#              3480
	C:0582H            LINE#              3481
	C:0583H            LINE#              3482
	C:0585H            LINE#              3483
	C:0587H            LINE#              3485
	C:0589H            LINE#              3486
	C:058BH            LINE#              3487
	C:058DH            LINE#              3490
	C:058EH            LINE#              3491
	C:0591H            LINE#              3492
	C:0592H            LINE#              3493
	C:0594H            LINE#              3494
	C:0596H            LINE#              3495
	C:0597H            LINE#              3496
	C:0598H            LINE#              3497
	C:059AH            LINE#              3498
	C:059CH            LINE#              3500
	C:059FH            LINE#              3503
	C:05A1H            LINE#              3504
	C:05A3H            LINE#              3505
	C:05A6H            LINE#              3508
	C:05A7H            LINE#              3509
	C:05A8H            LINE#              3510
LX51 CODE BANKING LINKER/LOCATOR V06.16.13.326             12/30/15  18:07:03

	C:05A9H            LINE#              3511
	C:05AAH            LINE#              3512
	C:05ABH            LINE#              3513
	C:05ACH            LINE#              3514
	C:05ADH            LINE#              3517
	C:05B0H            LINE#              3518
	C:05B1H            LINE#              3519
	C:05B3H            LINE#              3521
	C:05B5H            LINE#              3523
	C:05B6H            LINE#              3524
	C:05B7H            LINE#              3525
	C:05B8H            LINE#              3526
	C:05B9H            LINE#              3527
	C:05BAH            LINE#              3528
	C:05BBH            LINE#              3529
	C:05BDH            LINE#              3530
	C:05BEH            LINE#              3534
[...]
	C:16FCH            LINE#              140
	C:16FFH            LINE#              141
	C:1700H            LINE#              142
	C:1701H            LINE#              143
	C:1703H            LINE#              145
	C:1706H            LINE#              146
	C:1708H            LINE#              147
	C:170AH            LINE#              149
	C:170DH            LINE#              150
	C:170EH            LINE#              151
	C:170FH            LINE#              152
	C:1711H            LINE#              154
	C:1714H            LINE#              155
	C:1717H            LINE#              156
	C:171AH            LINE#              157
	C:171BH            LINE#              170
	C:171CH            LINE#              171
	C:171DH            LINE#              172
	C:171EH            LINE#              173
	C:171FH            LINE#              185
	C:1720H            LINE#              187
	C:1723H            LINE#              188
	C:1726H            LINE#              189
	C:1729H            LINE#              190
	C:172CH            LINE#              191
	C:172FH            LINE#              192
	C:1730H            LINE#              193
	C:1733H            LINE#              194
	C:1734H            LINE#              205
	C:1737H            LINE#              206
	C:173AH            LINE#              207
	C:173DH            LINE#              208
	C:1740H            LINE#              209
	C:1743H            LINE#              210
	C:1746H            LINE#              211
	C:1747H            LINE#              212
	C:174AH            LINE#              213
	C:174BH            LINE#              243
	C:174EH            LINE#              244
	C:1750H            LINE#              245
	C:1752H            LINE#              247
	C:1755H            LINE#              248
	C:1757H            LINE#              249
	C:1759H            LINE#              251
	C:175AH            LINE#              262
	C:175CH            LINE#              263
	C:175EH            LINE#              264
	C:1760H            LINE#              265
	C:1763H            LINE#              267
	C:1765H            LINE#              268
	C:1767H            LINE#              269
	C:1768H            LINE#              270
	C:1769H            LINE#              271
	C:176AH            LINE#              272
	C:176CH            LINE#              273
	C:176DH            LINE#              284
	C:176FH            LINE#              285
	C:1771H            LINE#              286
	C:1774H            LINE#              288
	C:1775H            LINE#              289
	C:1777H            LINE#              290
	C:1778H            LINE#              291
	C:1779H            LINE#              292
LX51 CODE BANKING LINKER/LOCATOR V06.16.13.326             12/30/15  18:07:03

	C:177BH            LINE#              293
	C:177CH            LINE#              304
	C:177EH            LINE#              305
	C:1780H            LINE#              390
	C:1783H            LINE#              391
	C:1785H            LINE#              394
	C:1788H            LINE#              395
	C:178AH            LINE#              398
	C:178DH            LINE#              399
	C:178FH            LINE#              402
	C:1792H            LINE#              403
	C:1794H            LINE#              406
	C:1797H            LINE#              407
	C:1799H            LINE#              410
	C:179CH            LINE#              411
	C:179EH            LINE#              414
	C:17A1H            LINE#              415
	C:17A3H            LINE#              418
	C:17A6H            LINE#              419
	C:17A8H            LINE#              422
	C:17ABH            LINE#              423
	C:17ADH            LINE#              426
	C:17B0H            LINE#              427
	C:17B2H            LINE#              430
	C:17B5H            LINE#              431
	C:17B7H            LINE#              435
	C:17B8H            LINE#              436
	C:17B9H            LINE#              437
	C:17BAH            LINE#              448
	C:17BCH            LINE#              450
	C:17BFH            LINE#              451
	C:17C1H            LINE#              452
	C:17C2H            LINE#              463
	C:17C4H            LINE#              464
	C:17C7H            LINE#              465
	C:17CAH            LINE#              466
	C:17CDH            LINE#              467
	C:17D0H            LINE#              468
	C:17D3H            LINE#              469
	C:17D6H            LINE#              470
	C:17D9H            LINE#              471
	C:17DCH            LINE#              472
	C:17DFH            LINE#              473
	C:17E2H            LINE#              474
	C:17E5H            LINE#              475
	C:17E8H            LINE#              476
	C:17EBH            LINE#              477
	C:17EEH            LINE#              478
	C:17F0H            LINE#              479
	C:17F1H            LINE#              490
	C:17F3H            LINE#              491
	C:17F6H            LINE#              492
	C:17F9H            LINE#              493
	C:17FCH            LINE#              494
	C:17FFH            LINE#              495
	C:1802H            LINE#              496
	C:1805H            LINE#              497
	C:1808H            LINE#              498
	C:180BH            LINE#              499
	C:180EH            LINE#              500
	C:1811H            LINE#              501
	C:1814H            LINE#              502
	C:1817H            LINE#              503
	C:181AH            LINE#              504
	C:181DH            LINE#              505
	C:181FH            LINE#              506
	C:1820H            LINE#              517
	C:1822H            LINE#              518
LX51 CODE BANKING LINKER/LOCATOR V06.16.13.326             12/30/15  18:07:03

	C:1824H            LINE#              519
	C:1826H            LINE#              521
	C:1829H            LINE#              522
	C:182CH            LINE#              523
	C:182FH            LINE#              524
	C:1832H            LINE#              525
	C:1834H            LINE#              527
	C:1837H            LINE#              528
	C:183AH            LINE#              529
	C:183CH            LINE#              530
	C:183EH            LINE#              531
	C:183FH            LINE#              543
	C:1842H            LINE#              544
	C:1845H            LINE#              545
	C:1848H            LINE#              548
	C:184BH            LINE#              550
	C:184EH            LINE#              552
	C:1851H            LINE#              554
	C:1853H            LINE#              555
	C:1855H            LINE#              557
	C:1857H            LINE#              558
	C:185AH            LINE#              559
	C:185BH            LINE#              560
	C:185CH            LINE#              561
	C:185EH            LINE#              562
	C:1860H            LINE#              563
	C:1861H            LINE#              564
	C:1863H            LINE#              565
	C:1865H            LINE#              566
	C:1867H            LINE#              568
	C:1868H            LINE#              569
	C:186AH            LINE#              570
	C:186CH            LINE#              571
	C:186EH            LINE#              573
	C:1871H            LINE#              576
	C:1874H            LINE#              577
	C:1877H            LINE#              578
	C:187AH            LINE#              579
	C:187CH            LINE#              581
	C:187FH            LINE#              585
	C:1882H            LINE#              588
	C:1884H            LINE#              589
	C:1886H            LINE#              590
	C:1887H            LINE#              591
	C:1889H            LINE#              592
	C:188BH            LINE#              593
	C:188DH            LINE#              595
	C:188FH            LINE#              598
	C:1892H            LINE#              599
	C:1894H            LINE#              615
	C:1896H            LINE#              616
	C:1897H            LINE#              617
	C:189AH            LINE#              618
	C:189BH            LINE#              619
	C:189CH            LINE#              621
	C:189DH            LINE#              622
	C:189EH            LINE#              623
	C:18A0H            LINE#              624
	C:18A1H            LINE#              625
	C:18A3H            LINE#              626
	C:18A5H            LINE#              629
	C:18A8H            LINE#              630
	C:18ABH            LINE#              631
	C:18ADH            LINE#              643
	C:18AEH            LINE#              644
	C:18B0H            LINE#              645
	C:18B2H            LINE#              647
	C:18B4H            LINE#              648
LX51 CODE BANKING LINKER/LOCATOR V06.16.13.326             12/30/15  18:07:03

	C:18B6H            LINE#              651
	C:18B9H            LINE#              652
	C:18BCH            LINE#              653
	C:18BEH            LINE#              655
	C:18C1H            LINE#              659
	C:1C00H            LINE#              43
	C:1C02H            LINE#              45
	C:1C04H            LINE#              48
	C:1C07H            LINE#              55
	C:1C0AH            LINE#              58
	C:1C0DH            LINE#              64
	C:1C10H            LINE#              65
	C:1C13H            LINE#              66
	C:1C16H            LINE#              67
	C:1C18H            LINE#              68
	C:1C1BH            LINE#              71
	C:1C1EH            LINE#              76
	C:1C21H            LINE#              77
	C:1C24H            LINE#              78
	C:1C27H            LINE#              79
	C:1C29H            LINE#              81
	C:1C2BH            LINE#              84
	C:1C2DH            LINE#              85
	C:1C2FH            LINE#              86
	C:1C31H            LINE#              87
	C:1C34H            LINE#              88
	C:1C37H            LINE#              89
	C:1C3AH            LINE#              90
	C:1C3CH            LINE#              91
	C:1C3FH            LINE#              92
	C:1C42H            LINE#              95
	C:1C45H            LINE#              96
	C:1C47H            LINE#              99
	C:1C4AH            LINE#              100
	C:1C4CH            LINE#              101
	C:1C4EH            LINE#              102
	C:1C50H            LINE#              104
	C:1C52H            LINE#              106
	C:1C55H            LINE#              107
	C:1C57H            LINE#              108
	C:1C59H            LINE#              109
	C:1C5BH            LINE#              111
	C:1C5DH            LINE#              113
	C:1C5FH            LINE#              114
	C:1C60H            LINE#              115
	C:1C61H            LINE#              116
	C:1C62H            LINE#              117
	C:1C63H            LINE#              118
	C:1C64H            LINE#              119
	C:1C66H            LINE#              120
	C:1C68H            LINE#              121
	C:1C6AH            LINE#              124
	C:1C6CH            LINE#              126
	C:1C6EH            LINE#              127
	C:1C70H            LINE#              128
	C:1C72H            LINE#              131
	C:1C74H            LINE#              132
	C:1C75H            LINE#              133
	C:1C76H            LINE#              134
	C:1C77H            LINE#              135
	C:1C78H            LINE#              136
	C:1C7AH            LINE#              137
	C:1C7CH            LINE#              144
	C:1C7EH            LINE#              145
	C:1C80H            LINE#              146
	C:1C83H            LINE#              147
	C:1C86H            LINE#              148
	C:1C88H            LINE#              149
LX51 CODE BANKING LINKER/LOCATOR V06.16.13.326             12/30/15  18:07:03

	C:1C89H            LINE#              150
	C:1C8AH            LINE#              151
	C:1C8BH            LINE#              152
	C:1C8CH            LINE#              153
	C:1C8DH            LINE#              154
	C:1C8EH            LINE#              155
	C:1C90H            LINE#              156
	C:1C92H            LINE#              158
	C:1C94H            LINE#              159
	C:1C96H            LINE#              160
	C:1C98H            LINE#              161
	C:1C99H            LINE#              162
	C:1C9CH            LINE#              164
	C:1C9EH            LINE#              165
	C:1CA0H            LINE#              167
	C:1CA2H            LINE#              168
	C:1CA4H            LINE#              169
	C:1CA6H            LINE#              170
	C:1CA7H            LINE#              171
	C:1CA8H            LINE#              172
	C:1CAAH            LINE#              173
	C:1CACH            LINE#              174
	C:1CAEH            LINE#              176
	C:1CB1H            LINE#              179
	C:1CB2H            LINE#              180
	C:1CB4H            LINE#              181
	C:1CB7H            LINE#              182
	C:1CBAH            LINE#              183
	C:1CBDH            LINE#              184
	C:1CBFH            LINE#              187
	C:1CC1H            LINE#              188
	C:1CC3H            LINE#              189
	C:1CC4H            LINE#              190
	C:1CC5H            LINE#              191
	C:1CC7H            LINE#              192
	C:1CC9H            LINE#              193
	C:1CCBH            LINE#              195
	C:1CCDH            LINE#              196
	C:1CCEH            LINE#              198
	C:1CD0H            LINE#              200
	C:1CD1H            LINE#              201
	C:1CD3H            LINE#              203
	C:1CD4H            LINE#              204
	C:1CD6H            LINE#              206
	C:1CD7H            LINE#              207
	C:1CD8H            LINE#              208
	C:1CDAH            LINE#              209
	C:1CDCH            LINE#              212
	C:1CDDH            LINE#              213
	C:1CDFH            LINE#              214
	C:1CE1H            LINE#              215
	C:1CE3H            LINE#              216
	C:1CE4H            LINE#              217
	C:1CE6H            LINE#              218
	C:1CE8H            LINE#              219
	C:1CEAH            LINE#              220
	C:1CECH            LINE#              221
	C:1CEEH            LINE#              222
	C:1CF1H            LINE#              225
	C:1CF4H            LINE#              226
	C:1CF7H            LINE#              227
	C:1CFAH            LINE#              228
	C:1CFDH            LINE#              229
	C:1CFEH            LINE#              230
	C:1D01H            LINE#              233
	C:1D03H            LINE#              234
	C:1D05H            LINE#              235
	C:1D06H            LINE#              236
LX51 CODE BANKING LINKER/LOCATOR V06.16.13.326             12/30/15  18:07:03

	C:1D07H            LINE#              237
	C:1D0AH            LINE#              238
	C:1D0DH            LINE#              239
	C:1D0FH            LINE#              240
	C:1D11H            LINE#              241
	C:1D13H            LINE#              245
	C:1D15H            LINE#              247
	C:1D16H            LINE#              248
	C:1D19H            LINE#              249
	C:1D1CH            LINE#              250
	C:1D1DH            LINE#              251
	C:1D1EH            LINE#              252
	C:1D20H            LINE#              254
	C:1D23H            LINE#              255
	C:1D25H            LINE#              258
	C:1D27H            LINE#              259
	C:1D2AH            LINE#              261
	C:1D2BH            LINE#              262
	C:1D2CH            LINE#              263
	C:1D2DH            LINE#              264
	C:1D2EH            LINE#              265
	C:1D30H            LINE#              266
	C:1D32H            LINE#              268
	C:1D34H            LINE#              269
	C:1D36H            LINE#              271
	C:1D38H            LINE#              277
	C:1D3AH            LINE#              278
	C:1D3CH            LINE#              279
	C:1D3EH            LINE#              280
	C:1D3FH            LINE#              281
	C:1D40H            LINE#              282
	C:1D41H            LINE#              283
	C:1D43H            LINE#              284
	C:1D46H            LINE#              285
	C:1D47H            LINE#              286
	C:1D49H            LINE#              287
	C:1D4AH            LINE#              288
	C:1D4CH            LINE#              289
	C:1D4EH            LINE#              290
	C:1D4FH            LINE#              291
	C:1D51H            LINE#              292
	C:1D53H            LINE#              294
	C:1D56H            LINE#              295
	C:1D59H            LINE#              297
	C:1D5CH            LINE#              301
	C:1D5EH            LINE#              302
	C:1D60H            LINE#              303
	C:1D63H            LINE#              304
	C:1D64H            LINE#              305
	C:1D65H            LINE#              306
	C:1D68H            LINE#              307
	C:1D6AH            LINE#              308
	C:1D6DH            LINE#              309
	C:1D6FH            LINE#              310
	C:1D71H            LINE#              311
	C:1D72H            LINE#              312
	C:1D73H            LINE#              313
	C:1D75H            LINE#              315
	C:1D77H            LINE#              317
	C:1D7AH            LINE#              319
	C:1D7BH            LINE#              323
	C:1D7DH            LINE#              324
	C:1D7EH            LINE#              325
	C:1D7FH            LINE#              326
	C:1D82H            LINE#              327
	C:1D84H            LINE#              329
	C:1D87H            LINE#              330
	C:1D89H            LINE#              332
LX51 CODE BANKING LINKER/LOCATOR V06.16.13.326             12/30/15  18:07:03

	C:1D8CH            LINE#              333
	C:1D8EH            LINE#              334
	C:1D90H            LINE#              335
	C:1D91H            LINE#              336
	C:1D92H            LINE#              337
	C:1D93H            LINE#              338
	C:1D94H            LINE#              339
	C:1D95H            LINE#              340
	C:1D96H            LINE#              341
	C:1D97H            LINE#              342
	C:1D99H            LINE#              343
	C:1D9BH            LINE#              344
	C:1D9CH            LINE#              345
	C:1D9DH            LINE#              346
	C:1D9EH            LINE#              347
	C:1DA1H            LINE#              348
	C:1DA3H            LINE#              350
	C:1DA4H            LINE#              351
	C:1DA7H            LINE#              352
	C:1DAAH            LINE#              354
	C:1DABH            LINE#              355
	C:1DADH            LINE#              356
	C:1DAEH            LINE#              357
	C:1DB0H            LINE#              358
	C:1DB2H            LINE#              359
	C:1DB3H            LINE#              360
	C:1DB5H            LINE#              361
	C:1DB7H            LINE#              363
	C:1DBAH            LINE#              364
	C:1DBDH            LINE#              366
	C:1DC0H            LINE#              368
	C:1DC2H            LINE#              369
	C:1DC4H            LINE#              370
	C:1DC6H            LINE#              371
	C:1DC8H            LINE#              372
	C:1DC9H            LINE#              376
	C:1DCBH            LINE#              377
	C:1DCDH            LINE#              378
	C:1DCEH            LINE#              379
	C:1DCFH            LINE#              380
	C:1DD1H            LINE#              381
	C:1DD3H            LINE#              383
	C:1DD5H            LINE#              384
	C:19FDH            LINE#              7625
	-------            ENDMOD             BLHELI

----------------------
SUGGESTED OPTIMIZATION
----------------------
Warning: 17 (11H) data bytes in the range [00H-80H] are available for storage&
.
         Consider using some of these for 'data' variables in your source fil&
es.


LINK/LOCATE RUN COMPLETE, 1 WARNING  FOUND.

